Archive member included because of file (symbol)

/home/miguelx413/.arduino15/packages/arduino/hardware/sam/1.6.12/variants/arduino_due_x/libsam_sam3x8e_gcc_rel.a(pio.o)
                              /tmp/arduino/sketches/A3471B6C8EF7C2A4C6EBC8813B352B14/core/variant.cpp.o (PIO_Configure)
/home/miguelx413/.arduino15/packages/arduino/hardware/sam/1.6.12/variants/arduino_due_x/libsam_sam3x8e_gcc_rel.a(pmc.o)
                              /tmp/arduino/sketches/A3471B6C8EF7C2A4C6EBC8813B352B14/libraries/due_can/due_can.cpp.o (pmc_enable_periph_clk)
/home/miguelx413/.arduino15/packages/arduino/hardware/sam/1.6.12/variants/arduino_due_x/libsam_sam3x8e_gcc_rel.a(system_sam3xa.o)
                              /tmp/arduino/sketches/A3471B6C8EF7C2A4C6EBC8813B352B14/core/variant.cpp.o (SystemInit)
/home/miguelx413/.arduino15/packages/arduino/hardware/sam/1.6.12/variants/arduino_due_x/libsam_sam3x8e_gcc_rel.a(startup_sam3xa.o)
                              (Reset_Handler)
/home/miguelx413/.arduino15/packages/arduino/hardware/sam/1.6.12/variants/arduino_due_x/libsam_sam3x8e_gcc_rel.a(adc.o)
                              /tmp/arduino/sketches/A3471B6C8EF7C2A4C6EBC8813B352B14/core/variant.cpp.o (adc_init)
/home/miguelx413/.arduino15/packages/arduino/hardware/sam/1.6.12/variants/arduino_due_x/libsam_sam3x8e_gcc_rel.a(uotghs.o)
                              /home/miguelx413/.arduino15/packages/arduino/hardware/sam/1.6.12/variants/arduino_due_x/libsam_sam3x8e_gcc_rel.a(startup_sam3xa.o) (UOTGHS_Handler)
/tmp/arduino/sketches/A3471B6C8EF7C2A4C6EBC8813B352B14/core/core.a(Print.cpp.o)
                              /tmp/arduino/sketches/A3471B6C8EF7C2A4C6EBC8813B352B14/libraries/due_can/due_can.cpp.o (Print::println(char const*))
/tmp/arduino/sketches/A3471B6C8EF7C2A4C6EBC8813B352B14/core/core.a(RingBuffer.cpp.o)
                              /tmp/arduino/sketches/A3471B6C8EF7C2A4C6EBC8813B352B14/core/variant.cpp.o (RingBuffer::RingBuffer())
/tmp/arduino/sketches/A3471B6C8EF7C2A4C6EBC8813B352B14/core/core.a(UARTClass.cpp.o)
                              /tmp/arduino/sketches/A3471B6C8EF7C2A4C6EBC8813B352B14/core/variant.cpp.o (UARTClass::available())
/tmp/arduino/sketches/A3471B6C8EF7C2A4C6EBC8813B352B14/core/core.a(USARTClass.cpp.o)
                              /tmp/arduino/sketches/A3471B6C8EF7C2A4C6EBC8813B352B14/core/variant.cpp.o (USARTClass::USARTClass(Usart*, IRQn, unsigned long, RingBuffer*, RingBuffer*))
/tmp/arduino/sketches/A3471B6C8EF7C2A4C6EBC8813B352B14/core/core.a(WInterrupts.c.o)
                              /home/miguelx413/.arduino15/packages/arduino/hardware/sam/1.6.12/variants/arduino_due_x/libsam_sam3x8e_gcc_rel.a(startup_sam3xa.o) (PIOA_Handler)
/tmp/arduino/sketches/A3471B6C8EF7C2A4C6EBC8813B352B14/core/core.a(abi.cpp.o)
                              /tmp/arduino/sketches/A3471B6C8EF7C2A4C6EBC8813B352B14/libraries/can_common/can_common.cpp.o (__cxa_pure_virtual)
/tmp/arduino/sketches/A3471B6C8EF7C2A4C6EBC8813B352B14/core/core.a(cortex_handlers.c.o)
                              /home/miguelx413/.arduino15/packages/arduino/hardware/sam/1.6.12/variants/arduino_due_x/libsam_sam3x8e_gcc_rel.a(startup_sam3xa.o) (NMI_Handler)
/tmp/arduino/sketches/A3471B6C8EF7C2A4C6EBC8813B352B14/core/core.a(hooks.c.o)
                              /tmp/arduino/sketches/A3471B6C8EF7C2A4C6EBC8813B352B14/core/core.a(cortex_handlers.c.o) (sysTickHook)
/tmp/arduino/sketches/A3471B6C8EF7C2A4C6EBC8813B352B14/core/core.a(main.cpp.o)
                              /home/miguelx413/.arduino15/packages/arduino/tools/arm-none-eabi-gcc/4.8.3-2014q1/bin/../lib/gcc/arm-none-eabi/4.8.3/../../../../arm-none-eabi/lib/armv7-m/crt0.o (main)
/tmp/arduino/sketches/A3471B6C8EF7C2A4C6EBC8813B352B14/core/core.a(new.cpp.o)
                              /tmp/arduino/sketches/A3471B6C8EF7C2A4C6EBC8813B352B14/libraries/due_can/due_can.cpp.o (operator new(unsigned int))
/tmp/arduino/sketches/A3471B6C8EF7C2A4C6EBC8813B352B14/core/core.a(syscalls_sam3.c.o)
                              (_sbrk)
/tmp/arduino/sketches/A3471B6C8EF7C2A4C6EBC8813B352B14/core/core.a(watchdog.cpp.o)
                              /tmp/arduino/sketches/A3471B6C8EF7C2A4C6EBC8813B352B14/core/core.a(main.cpp.o) (watchdogSetup())
/tmp/arduino/sketches/A3471B6C8EF7C2A4C6EBC8813B352B14/core/core.a(wiring.c.o)
                              /tmp/arduino/sketches/A3471B6C8EF7C2A4C6EBC8813B352B14/sketch/due_can_transmitter.ino.cpp.o (delay)
/tmp/arduino/sketches/A3471B6C8EF7C2A4C6EBC8813B352B14/core/core.a(wiring_analog.c.o)
                              /tmp/arduino/sketches/A3471B6C8EF7C2A4C6EBC8813B352B14/core/variant.cpp.o (analogOutputInit)
/tmp/arduino/sketches/A3471B6C8EF7C2A4C6EBC8813B352B14/core/core.a(wiring_digital.c.o)
                              /tmp/arduino/sketches/A3471B6C8EF7C2A4C6EBC8813B352B14/libraries/due_can/due_can.cpp.o (pinMode)
/tmp/arduino/sketches/A3471B6C8EF7C2A4C6EBC8813B352B14/core/core.a(Reset.cpp.o)
[...]
Memory Configuration

Name             Origin             Length             Attributes
rom              0x0000000000080000 0x0000000000080000 xr
sram0            0x0000000020000000 0x0000000000010000 xrw
sram1            0x0000000020080000 0x0000000000008000 xrw
ram              0x0000000020070000 0x0000000000018000 xrw
*default*        0x0000000000000000 0xffffffffffffffff

Linker script and memory map

LOAD /home/miguelx413/.arduino15/packages/arduino/tools/arm-none-eabi-gcc/4.8.3-2014q1/bin/../lib/gcc/arm-none-eabi/4.8.3/armv7-m/crti.o
LOAD /home/miguelx413/.arduino15/packages/arduino/tools/arm-none-eabi-gcc/4.8.3-2014q1/bin/../lib/gcc/arm-none-eabi/4.8.3/armv7-m/crtbegin.o
LOAD /home/miguelx413/.arduino15/packages/arduino/tools/arm-none-eabi-gcc/4.8.3-2014q1/bin/../lib/gcc/arm-none-eabi/4.8.3/../../../../arm-none-eabi/lib/armv7-m/crt0.o
START GROUP
LOAD /tmp/arduino/sketches/A3471B6C8EF7C2A4C6EBC8813B352B14/sketch/due_can_transmitter.ino.cpp.o
LOAD /tmp/arduino/sketches/A3471B6C8EF7C2A4C6EBC8813B352B14/libraries/due_can/due_can.cpp.o
LOAD /tmp/arduino/sketches/A3471B6C8EF7C2A4C6EBC8813B352B14/libraries/can_common/can_common.cpp.o
LOAD /tmp/arduino/sketches/A3471B6C8EF7C2A4C6EBC8813B352B14/core/variant.cpp.o
LOAD /home/miguelx413/.arduino15/packages/arduino/hardware/sam/1.6.12/variants/arduino_due_x/libsam_sam3x8e_gcc_rel.a
LOAD /tmp/arduino/sketches/A3471B6C8EF7C2A4C6EBC8813B352B14/core/core.a
END GROUP
LOAD /home/miguelx413/.arduino15/packages/arduino/tools/arm-none-eabi-gcc/4.8.3-2014q1/bin/../lib/gcc/arm-none-eabi/4.8.3/../../../../arm-none-eabi/lib/armv7-m/libm.a
LOAD /home/miguelx413/.arduino15/packages/arduino/tools/arm-none-eabi-gcc/4.8.3-2014q1/bin/../lib/gcc/arm-none-eabi/4.8.3/armv7-m/libgcc.a
START GROUP
LOAD /home/miguelx413/.arduino15/packages/arduino/tools/arm-none-eabi-gcc/4.8.3-2014q1/bin/../lib/gcc/arm-none-eabi/4.8.3/armv7-m/libgcc.a
LOAD /home/miguelx413/.arduino15/packages/arduino/tools/arm-none-eabi-gcc/4.8.3-2014q1/bin/../lib/gcc/arm-none-eabi/4.8.3/../../../../arm-none-eabi/lib/armv7-m/libc.a
END GROUP
LOAD /home/miguelx413/.arduino15/packages/arduino/tools/arm-none-eabi-gcc/4.8.3-2014q1/bin/../lib/gcc/arm-none-eabi/4.8.3/armv7-m/crtend.o
LOAD /home/miguelx413/.arduino15/packages/arduino/tools/arm-none-eabi-gcc/4.8.3-2014q1/bin/../lib/gcc/arm-none-eabi/4.8.3/armv7-m/crtn.o

.text           0x0000000000080000     0x4070
                0x0000000000080000                . = ALIGN (0x4)
                0x0000000000080000                _sfixed = .
 *(.vectors .vectors.*)
 .vectors       0x0000000000080000       0xf4 /home/miguelx413/.arduino15/packages/arduino/hardware/sam/1.6.12/variants/arduino_due_x/libsam_sam3x8e_gcc_rel.a(startup_sam3xa.o)
                0x0000000000080000                exception_table
 *(.text .text.* .gnu.linkonce.t.*)
 .text          0x00000000000800f4       0x54 /home/miguelx413/.arduino15/packages/arduino/tools/arm-none-eabi-gcc/4.8.3-2014q1/bin/../lib/gcc/arm-none-eabi/4.8.3/armv7-m/crtbegin.o
 .text.setup    0x0000000000080148       0x10 /tmp/arduino/sketches/A3471B6C8EF7C2A4C6EBC8813B352B14/sketch/due_can_transmitter.ino.cpp.o
                0x0000000000080148                setup
 .text.loop     0x0000000000080158       0x44 /tmp/arduino/sketches/A3471B6C8EF7C2A4C6EBC8813B352B14/sketch/due_can_transmitter.ino.cpp.o
                0x0000000000080158                loop
 .text._ZN6CANRaw12set_baudrateEm
                0x000000000008019c       0xf0 /tmp/arduino/sketches/A3471B6C8EF7C2A4C6EBC8813B352B14/libraries/due_can/due_can.cpp.o
                0x000000000008019c                CANRaw::set_baudrate(unsigned long)
 .text._ZN6CANRaw6enableEv
                0x000000000008028c       0x1c /tmp/arduino/sketches/A3471B6C8EF7C2A4C6EBC8813B352B14/libraries/due_can/due_can.cpp.o
                0x000000000008028c                CANRaw::enable()
 .text._ZN6CANRaw7disableEv
                0x00000000000802a8       0x1c /tmp/arduino/sketches/A3471B6C8EF7C2A4C6EBC8813B352B14/libraries/due_can/due_can.cpp.o
                0x00000000000802a8                CANRaw::disable()
 .text._ZN6CANRaw8rx_availEv
                0x00000000000802c4       0x3e /tmp/arduino/sketches/A3471B6C8EF7C2A4C6EBC8813B352B14/libraries/due_can/due_can.cpp.o
                0x00000000000802c4                CANRaw::rx_avail()
 *fill*         0x0000000000080302        0x2 
 .text._ZN6CANRaw7irqLockEv
                0x0000000000080304       0x20 /tmp/arduino/sketches/A3471B6C8EF7C2A4C6EBC8813B352B14/libraries/due_can/due_can.cpp.o
                0x0000000000080304                CANRaw::irqLock()
 .text._ZN6CANRaw10irqReleaseEv
                0x0000000000080324       0x20 /tmp/arduino/sketches/A3471B6C8EF7C2A4C6EBC8813B352B14/libraries/due_can/due_can.cpp.o
                0x0000000000080324                CANRaw::irqRelease()
 .text._ZN6CANRaw17initializeBuffersEv
                0x0000000000080344       0xa8 /tmp/arduino/sketches/A3471B6C8EF7C2A4C6EBC8813B352B14/libraries/due_can/due_can.cpp.o
                0x0000000000080344                CANRaw::initializeBuffers()
 .text._ZN6CANRaw15addToRingBufferERNS_12ringbuffer_tERK9CAN_FRAME
                0x00000000000803ec       0x40 /tmp/arduino/sketches/A3471B6C8EF7C2A4C6EBC8813B352B14/libraries/due_can/due_can.cpp.o
                0x00000000000803ec                CANRaw::addToRingBuffer(CANRaw::ringbuffer_t&, CAN_FRAME const&)
 .text._ZN6CANRaw20removeFromRingBufferERNS_12ringbuffer_tER9CAN_FRAME
                0x000000000008042c       0x44 /tmp/arduino/sketches/A3471B6C8EF7C2A4C6EBC8813B352B14/libraries/due_can/due_can.cpp.o
                0x000000000008042c                CANRaw::removeFromRingBuffer(CANRaw::ringbuffer_t&, CAN_FRAME&)
 .text._ZN6CANRaw11get_rx_buffER9CAN_FRAME
                0x0000000000080470       0x22 /tmp/arduino/sketches/A3471B6C8EF7C2A4C6EBC8813B352B14/libraries/due_can/due_can.cpp.o
                0x0000000000080470                CANRaw::get_rx_buff(CAN_FRAME&)
 .text._ZN6CANRaw15ringBufferCountERNS_12ringbuffer_tE
                0x0000000000080492       0x32 /tmp/arduino/sketches/A3471B6C8EF7C2A4C6EBC8813B352B14/libraries/due_can/due_can.cpp.o
                0x0000000000080492                CANRaw::ringBufferCount(CANRaw::ringbuffer_t&)
 .text._ZN6CANRaw9availableEv
                0x00000000000804c4       0x1e /tmp/arduino/sketches/A3471B6C8EF7C2A4C6EBC8813B352B14/libraries/due_can/due_can.cpp.o
                0x00000000000804c4                CANRaw::available()
 .text._ZN6CANRaw10setModeBitEm
                0x00000000000804e2       0x1e /tmp/arduino/sketches/A3471B6C8EF7C2A4C6EBC8813B352B14/libraries/due_can/due_can.cpp.o
                0x00000000000804e2                CANRaw::setModeBit(unsigned long)
 .text._ZN6CANRaw12unsetModeBitEm
                0x0000000000080500       0x20 /tmp/arduino/sketches/A3471B6C8EF7C2A4C6EBC8813B352B14/libraries/due_can/due_can.cpp.o
                0x0000000000080500                CANRaw::unsetModeBit(unsigned long)
 .text._ZN6CANRaw28disable_autobaud_listen_modeEv
                0x0000000000080520        0x6 /tmp/arduino/sketches/A3471B6C8EF7C2A4C6EBC8813B352B14/libraries/due_can/due_can.cpp.o
                0x0000000000080520                CANRaw::disable_autobaud_listen_mode()
 *fill*         0x0000000000080526        0x2 
 .text._ZN6CANRawC2EP3Canm
                0x0000000000080528       0x88 /tmp/arduino/sketches/A3471B6C8EF7C2A4C6EBC8813B352B14/libraries/due_can/due_can.cpp.o
                0x0000000000080528                CANRaw::CANRaw(Can*, unsigned long)
                0x0000000000080528                CANRaw::CANRaw(Can*, unsigned long)
 .text._ZN6CANRaw27enable_autobaud_listen_modeEv
                0x00000000000805b0        0x6 /tmp/arduino/sketches/A3471B6C8EF7C2A4C6EBC8813B352B14/libraries/due_can/due_can.cpp.o
                0x00000000000805b0                CANRaw::enable_autobaud_listen_mode()
 .text._ZN6CANRaw17setListenOnlyModeEb
                0x00000000000805b6        0xa /tmp/arduino/sketches/A3471B6C8EF7C2A4C6EBC8813B352B14/libraries/due_can/due_can.cpp.o
                0x00000000000805b6                CANRaw::setListenOnlyMode(bool)
 .text._ZN6CANRaw25mailbox_send_transfer_cmdEh
                0x00000000000805c0       0x1c /tmp/arduino/sketches/A3471B6C8EF7C2A4C6EBC8813B352B14/libraries/due_can/due_can.cpp.o
                0x00000000000805c0                CANRaw::mailbox_send_transfer_cmd(unsigned char)
 .text._ZN6CANRaw12mailbox_initEh
                0x00000000000805dc       0x2a /tmp/arduino/sketches/A3471B6C8EF7C2A4C6EBC8813B352B14/libraries/due_can/due_can.cpp.o
                0x00000000000805dc                CANRaw::mailbox_init(unsigned char)
 .text._ZN6CANRaw17reset_all_mailboxEv
                0x0000000000080606       0x1e /tmp/arduino/sketches/A3471B6C8EF7C2A4C6EBC8813B352B14/libraries/due_can/due_can.cpp.o
                0x0000000000080606                CANRaw::reset_all_mailbox()
 .text._ZN6CANRaw14beginAutoSpeedEv
                0x0000000000080624       0xbc /tmp/arduino/sketches/A3471B6C8EF7C2A4C6EBC8813B352B14/libraries/due_can/due_can.cpp.o
                0x0000000000080624                CANRaw::beginAutoSpeed()
 .text._ZN6CANRaw12mailbox_readEhPV9CAN_FRAME
                0x00000000000806e0       0x94 /tmp/arduino/sketches/A3471B6C8EF7C2A4C6EBC8813B352B14/libraries/due_can/due_can.cpp.o
                0x00000000000806e0                CANRaw::mailbox_read(unsigned char, CAN_FRAME volatile*)
 .text._ZN6CANRaw14mailbox_set_idEhmb
                0x0000000000080774       0x2c /tmp/arduino/sketches/A3471B6C8EF7C2A4C6EBC8813B352B14/libraries/due_can/due_can.cpp.o
                0x0000000000080774                CANRaw::mailbox_set_id(unsigned char, unsigned long, bool)
 .text._ZN6CANRaw20mailbox_set_priorityEhh
                0x00000000000807a0       0x20 /tmp/arduino/sketches/A3471B6C8EF7C2A4C6EBC8813B352B14/libraries/due_can/due_can.cpp.o
                0x00000000000807a0                CANRaw::mailbox_set_priority(unsigned char, unsigned char)
 .text._ZN6CANRaw23mailbox_set_accept_maskEhmb
                0x00000000000807c0       0x4c /tmp/arduino/sketches/A3471B6C8EF7C2A4C6EBC8813B352B14/libraries/due_can/due_can.cpp.o
                0x00000000000807c0                CANRaw::mailbox_set_accept_mask(unsigned char, unsigned long, bool)
 .text._ZN6CANRaw18_setFilterSpecificEhmmb
                0x000000000008080c       0x44 /tmp/arduino/sketches/A3471B6C8EF7C2A4C6EBC8813B352B14/libraries/due_can/due_can.cpp.o
                0x000000000008080c                CANRaw::_setFilterSpecific(unsigned char, unsigned long, unsigned long, bool)
 .text._ZN6CANRaw16mailbox_set_modeEhh
                0x0000000000080850       0x26 /tmp/arduino/sketches/A3471B6C8EF7C2A4C6EBC8813B352B14/libraries/due_can/due_can.cpp.o
                0x0000000000080850                CANRaw::mailbox_set_mode(unsigned char, unsigned char)
 .text._ZN6CANRaw13setNumTXBoxesEi
                0x0000000000080876       0x86 /tmp/arduino/sketches/A3471B6C8EF7C2A4C6EBC8813B352B14/libraries/due_can/due_can.cpp.o
                0x0000000000080876                CANRaw::setNumTXBoxes(int)
 .text._ZN6CANRaw4initEm
                0x00000000000808fc      0x10c /tmp/arduino/sketches/A3471B6C8EF7C2A4C6EBC8813B352B14/libraries/due_can/due_can.cpp.o
                0x00000000000808fc                CANRaw::init(unsigned long)
 .text._ZN6CANRaw20mailbox_set_databyteEhhh
                0x0000000000080a08       0x54 /tmp/arduino/sketches/A3471B6C8EF7C2A4C6EBC8813B352B14/libraries/due_can/due_can.cpp.o
                0x0000000000080a08                CANRaw::mailbox_set_databyte(unsigned char, unsigned char, unsigned char)
 .text._ZN6CANRaw15mailbox_set_rtrEhh
                0x0000000000080a5c       0x24 /tmp/arduino/sketches/A3471B6C8EF7C2A4C6EBC8813B352B14/libraries/due_can/due_can.cpp.o
                0x0000000000080a5c                CANRaw::mailbox_set_rtr(unsigned char, unsigned char)
 .text._ZN6CANRaw19mailbox_set_datalenEhh
                0x0000000000080a80       0x2a /tmp/arduino/sketches/A3471B6C8EF7C2A4C6EBC8813B352B14/libraries/due_can/due_can.cpp.o
                0x0000000000080a80                CANRaw::mailbox_set_datalen(unsigned char, unsigned char)
 .text._ZN6CANRaw16writeTxRegistersERK9CAN_FRAMEh
                0x0000000000080aaa       0x5a /tmp/arduino/sketches/A3471B6C8EF7C2A4C6EBC8813B352B14/libraries/due_can/due_can.cpp.o
                0x0000000000080aaa                CANRaw::writeTxRegisters(CAN_FRAME const&, unsigned char)
 .text._ZN6CANRaw9sendFrameER9CAN_FRAME
                0x0000000000080b04       0x80 /tmp/arduino/sketches/A3471B6C8EF7C2A4C6EBC8813B352B14/libraries/due_can/due_can.cpp.o
                0x0000000000080b04                CANRaw::sendFrame(CAN_FRAME&)
 .text._ZN6CANRaw17findFreeRXMailboxEv
                0x0000000000080b84       0x1a /tmp/arduino/sketches/A3471B6C8EF7C2A4C6EBC8813B352B14/libraries/due_can/due_can.cpp.o
                0x0000000000080b84                CANRaw::findFreeRXMailbox()
 *fill*         0x0000000000080b9e        0x2 
 .text._ZN6CANRaw10_setFilterEmmb
                0x0000000000080ba0       0x5c /tmp/arduino/sketches/A3471B6C8EF7C2A4C6EBC8813B352B14/libraries/due_can/due_can.cpp.o
                0x0000000000080ba0                CANRaw::_setFilter(unsigned long, unsigned long, bool)
 .text._ZN6CANRaw19mailbox_int_handlerEhm
                0x0000000000080bfc       0xfa /tmp/arduino/sketches/A3471B6C8EF7C2A4C6EBC8813B352B14/libraries/due_can/due_can.cpp.o
                0x0000000000080bfc                CANRaw::mailbox_int_handler(unsigned char, unsigned long)
 .text._ZN6CANRaw16interruptHandlerEv
                0x0000000000080cf6       0xce /tmp/arduino/sketches/A3471B6C8EF7C2A4C6EBC8813B352B14/libraries/due_can/due_can.cpp.o
                0x0000000000080cf6                CANRaw::interruptHandler()
 .text.CAN0_Handler
                0x0000000000080dc4        0xc /tmp/arduino/sketches/A3471B6C8EF7C2A4C6EBC8813B352B14/libraries/due_can/due_can.cpp.o
                0x0000000000080dc4                CAN0_Handler
 .text.CAN1_Handler
                0x0000000000080dd0        0xc /tmp/arduino/sketches/A3471B6C8EF7C2A4C6EBC8813B352B14/libraries/due_can/due_can.cpp.o
                0x0000000000080dd0                CAN1_Handler
 .text.startup._GLOBAL__sub_I__ZN6CANRawC2EP3Canm
                0x0000000000080ddc       0x2c /tmp/arduino/sketches/A3471B6C8EF7C2A4C6EBC8813B352B14/libraries/due_can/due_can.cpp.o
 .text._ZN10CAN_COMMON13get_rx_buffFDER12CAN_FRAME_FD
                0x0000000000080e08        0x4 /tmp/arduino/sketches/A3471B6C8EF7C2A4C6EBC8813B352B14/libraries/can_common/can_common.cpp.o
                0x0000000000080e08                CAN_COMMON::get_rx_buffFD(CAN_FRAME_FD&)
 .text._ZN10CAN_COMMON14set_baudrateFDEmm
                0x0000000000080e0c        0x4 /tmp/arduino/sketches/A3471B6C8EF7C2A4C6EBC8813B352B14/libraries/can_common/can_common.cpp.o
                0x0000000000080e0c                CAN_COMMON::set_baudrateFD(unsigned long, unsigned long)
 .text._ZN10CAN_COMMON11sendFrameFDER12CAN_FRAME_FD
                0x0000000000080e10        0x4 /tmp/arduino/sketches/A3471B6C8EF7C2A4C6EBC8813B352B14/libraries/can_common/can_common.cpp.o
                0x0000000000080e10                CAN_COMMON::sendFrameFD(CAN_FRAME_FD&)
 .text._ZN10CAN_COMMON6initFDEmm
                0x0000000000080e14        0x4 /tmp/arduino/sketches/A3471B6C8EF7C2A4C6EBC8813B352B14/libraries/can_common/can_common.cpp.o
                0x0000000000080e14                CAN_COMMON::initFD(unsigned long, unsigned long)
 .text._ZN9CAN_FRAMEC2Ev
                0x0000000000080e18       0x1c /tmp/arduino/sketches/A3471B6C8EF7C2A4C6EBC8813B352B14/libraries/can_common/can_common.cpp.o
                0x0000000000080e18                CAN_FRAME::CAN_FRAME()
                0x0000000000080e18                CAN_FRAME::CAN_FRAME()
 .text._ZN11CANListener16isCallbackActiveEi
                0x0000000000080e34       0x24 /tmp/arduino/sketches/A3471B6C8EF7C2A4C6EBC8813B352B14/libraries/can_common/can_common.cpp.o
                0x0000000000080e34                CANListener::isCallbackActive(int)
 .text._ZN10CAN_COMMONC2Ei
                0x0000000000080e58       0x60 /tmp/arduino/sketches/A3471B6C8EF7C2A4C6EBC8813B352B14/libraries/can_common/can_common.cpp.o
                0x0000000000080e58                CAN_COMMON::CAN_COMMON(int)
                0x0000000000080e58                CAN_COMMON::CAN_COMMON(int)
 .text._ZN10CAN_COMMON11setRXFilterEhmmb
                0x0000000000080eb8       0x12 /tmp/arduino/sketches/A3471B6C8EF7C2A4C6EBC8813B352B14/libraries/can_common/can_common.cpp.o
                0x0000000000080eb8                CAN_COMMON::setRXFilter(unsigned char, unsigned long, unsigned long, bool)
 .text._Z11serialEventv
                0x0000000000080eca        0x2 /tmp/arduino/sketches/A3471B6C8EF7C2A4C6EBC8813B352B14/core/variant.cpp.o
                0x0000000000080eca                serialEvent()
 .text.UART_Handler
                0x0000000000080ecc        0xc /tmp/arduino/sketches/A3471B6C8EF7C2A4C6EBC8813B352B14/core/variant.cpp.o
                0x0000000000080ecc                UART_Handler
 .text._Z12serialEvent1v
                0x0000000000080ed8        0x2 /tmp/arduino/sketches/A3471B6C8EF7C2A4C6EBC8813B352B14/core/variant.cpp.o
                0x0000000000080ed8                serialEvent1()
 .text._Z12serialEvent2v
                0x0000000000080eda        0x2 /tmp/arduino/sketches/A3471B6C8EF7C2A4C6EBC8813B352B14/core/variant.cpp.o
                0x0000000000080eda                serialEvent2()
 .text._Z12serialEvent3v
                0x0000000000080edc        0x2 /tmp/arduino/sketches/A3471B6C8EF7C2A4C6EBC8813B352B14/core/variant.cpp.o
                0x0000000000080edc                serialEvent3()
 *fill*         0x0000000000080ede        0x2 
 .text.USART0_Handler
                0x0000000000080ee0        0xc /tmp/arduino/sketches/A3471B6C8EF7C2A4C6EBC8813B352B14/core/variant.cpp.o
                0x0000000000080ee0                USART0_Handler
 .text.USART1_Handler
                0x0000000000080eec        0xc /tmp/arduino/sketches/A3471B6C8EF7C2A4C6EBC8813B352B14/core/variant.cpp.o
                0x0000000000080eec                USART1_Handler
 .text.USART3_Handler
                0x0000000000080ef8        0xc /tmp/arduino/sketches/A3471B6C8EF7C2A4C6EBC8813B352B14/core/variant.cpp.o
                0x0000000000080ef8                USART3_Handler
 .text.init     0x0000000000080f04      0x128 /tmp/arduino/sketches/A3471B6C8EF7C2A4C6EBC8813B352B14/core/variant.cpp.o
                0x0000000000080f04                init
 .text.startup._GLOBAL__sub_I_g_APinDescription
                0x000000000008102c       0xd4 /tmp/arduino/sketches/A3471B6C8EF7C2A4C6EBC8813B352B14/core/variant.cpp.o
 .text._Z14serialEventRunv
                0x0000000000081100       0x44 /tmp/arduino/sketches/A3471B6C8EF7C2A4C6EBC8813B352B14/core/variant.cpp.o
                0x0000000000081100                serialEventRun()
 .text.PIO_PullUp
                0x0000000000081144        0xa /home/miguelx413/.arduino15/packages/arduino/hardware/sam/1.6.12/variants/arduino_due_x/libsam_sam3x8e_gcc_rel.a(pio.o)
                0x0000000000081144                PIO_PullUp
 .text.PIO_SetPeripheral
                0x000000000008114e       0x26 /home/miguelx413/.arduino15/packages/arduino/hardware/sam/1.6.12/variants/arduino_due_x/libsam_sam3x8e_gcc_rel.a(pio.o)
                0x000000000008114e                PIO_SetPeripheral
 .text.PIO_SetInput
                0x0000000000081174       0x26 /home/miguelx413/.arduino15/packages/arduino/hardware/sam/1.6.12/variants/arduino_due_x/libsam_sam3x8e_gcc_rel.a(pio.o)
                0x0000000000081174                PIO_SetInput
 .text.PIO_SetOutput
                0x000000000008119a       0x24 /home/miguelx413/.arduino15/packages/arduino/hardware/sam/1.6.12/variants/arduino_due_x/libsam_sam3x8e_gcc_rel.a(pio.o)
                0x000000000008119a                PIO_SetOutput
 *fill*         0x00000000000811be        0x2 
 .text.PIO_Configure
                0x00000000000811c0       0x64 /home/miguelx413/.arduino15/packages/arduino/hardware/sam/1.6.12/variants/arduino_due_x/libsam_sam3x8e_gcc_rel.a(pio.o)
                0x00000000000811c0                PIO_Configure
 .text.PIO_GetOutputDataStatus
                0x0000000000081224       0x14 /home/miguelx413/.arduino15/packages/arduino/hardware/sam/1.6.12/variants/arduino_due_x/libsam_sam3x8e_gcc_rel.a(pio.o)
                0x0000000000081224                PIO_GetOutputDataStatus
 .text.pmc_enable_upll_clock
                0x0000000000081238       0x14 /home/miguelx413/.arduino15/packages/arduino/hardware/sam/1.6.12/variants/arduino_due_x/libsam_sam3x8e_gcc_rel.a(pmc.o)
                0x0000000000081238                pmc_enable_upll_clock
 .text.pmc_enable_periph_clk
                0x000000000008124c       0x44 /home/miguelx413/.arduino15/packages/arduino/hardware/sam/1.6.12/variants/arduino_due_x/libsam_sam3x8e_gcc_rel.a(pmc.o)
                0x000000000008124c                pmc_enable_periph_clk
 .text.pmc_disable_periph_clk
                0x0000000000081290       0x40 /home/miguelx413/.arduino15/packages/arduino/hardware/sam/1.6.12/variants/arduino_due_x/libsam_sam3x8e_gcc_rel.a(pmc.o)
                0x0000000000081290                pmc_disable_periph_clk
 .text.pmc_switch_udpck_to_upllck
                0x00000000000812d0       0x14 /home/miguelx413/.arduino15/packages/arduino/hardware/sam/1.6.12/variants/arduino_due_x/libsam_sam3x8e_gcc_rel.a(pmc.o)
                0x00000000000812d0                pmc_switch_udpck_to_upllck
 .text.pmc_enable_udpck
                0x00000000000812e4        0xc /home/miguelx413/.arduino15/packages/arduino/hardware/sam/1.6.12/variants/arduino_due_x/libsam_sam3x8e_gcc_rel.a(pmc.o)
                0x00000000000812e4                pmc_enable_udpck
 .text.SystemInit
                0x00000000000812f0       0x88 /home/miguelx413/.arduino15/packages/arduino/hardware/sam/1.6.12/variants/arduino_due_x/libsam_sam3x8e_gcc_rel.a(system_sam3xa.o)
                0x00000000000812f0                SystemInit
 .text.Reset_Handler
                0x0000000000081378       0x78 /home/miguelx413/.arduino15/packages/arduino/hardware/sam/1.6.12/variants/arduino_due_x/libsam_sam3x8e_gcc_rel.a(startup_sam3xa.o)
                0x0000000000081378                Reset_Handler
 .text.adc_init
                0x00000000000813f0       0x98 /home/miguelx413/.arduino15/packages/arduino/hardware/sam/1.6.12/variants/arduino_due_x/libsam_sam3x8e_gcc_rel.a(adc.o)
                0x00000000000813f0                adc_init
 .text.adc_configure_trigger
                0x0000000000081488        0xe /home/miguelx413/.arduino15/packages/arduino/hardware/sam/1.6.12/variants/arduino_due_x/libsam_sam3x8e_gcc_rel.a(adc.o)
                0x0000000000081488                adc_configure_trigger
 .text.adc_configure_timing
                0x0000000000081496       0x1a /home/miguelx413/.arduino15/packages/arduino/hardware/sam/1.6.12/variants/arduino_due_x/libsam_sam3x8e_gcc_rel.a(adc.o)
                0x0000000000081496                adc_configure_timing
 .text.adc_disable_channel
                0x00000000000814b0        0xa /home/miguelx413/.arduino15/packages/arduino/hardware/sam/1.6.12/variants/arduino_due_x/libsam_sam3x8e_gcc_rel.a(adc.o)
                0x00000000000814b0                adc_disable_channel
 .text.adc_disable_all_channel
                0x00000000000814ba        0x8 /home/miguelx413/.arduino15/packages/arduino/hardware/sam/1.6.12/variants/arduino_due_x/libsam_sam3x8e_gcc_rel.a(adc.o)
                0x00000000000814ba                adc_disable_all_channel
 .text.adc_disable_interrupt
                0x00000000000814c2        0x4 /home/miguelx413/.arduino15/packages/arduino/hardware/sam/1.6.12/variants/arduino_due_x/libsam_sam3x8e_gcc_rel.a(adc.o)
                0x00000000000814c2                adc_disable_interrupt
 *fill*         0x00000000000814c6        0x2 
 .text.UOTGHS_Handler
                0x00000000000814c8       0x10 /home/miguelx413/.arduino15/packages/arduino/hardware/sam/1.6.12/variants/arduino_due_x/libsam_sam3x8e_gcc_rel.a(uotghs.o)
                0x00000000000814c8                UOTGHS_Handler
 .text._ZN5Print5writeEPKhj
                0x00000000000814d8       0x22 /tmp/arduino/sketches/A3471B6C8EF7C2A4C6EBC8813B352B14/core/core.a(Print.cpp.o)
                0x00000000000814d8                Print::write(unsigned char const*, unsigned int)
 .text._ZN5Print5writeEPKc
                0x00000000000814fa       0x1e /tmp/arduino/sketches/A3471B6C8EF7C2A4C6EBC8813B352B14/core/core.a(Print.cpp.o)
                0x00000000000814fa                Print::write(char const*)
 .text._ZN5Print7printlnEv
                0x0000000000081518       0x10 /tmp/arduino/sketches/A3471B6C8EF7C2A4C6EBC8813B352B14/core/core.a(Print.cpp.o)
                0x0000000000081518                Print::println()
 .text._ZN5Print7printlnEPKc
                0x0000000000081528       0x14 /tmp/arduino/sketches/A3471B6C8EF7C2A4C6EBC8813B352B14/core/core.a(Print.cpp.o)
                0x0000000000081528                Print::println(char const*)
 .text._ZN10RingBufferC2Ev
                0x000000000008153c       0x1a /tmp/arduino/sketches/A3471B6C8EF7C2A4C6EBC8813B352B14/core/core.a(RingBuffer.cpp.o)
                0x000000000008153c                RingBuffer::RingBuffer()
                0x000000000008153c                RingBuffer::RingBuffer()
 .text._ZN10RingBuffer10store_charEh
                0x0000000000081556       0x1e /tmp/arduino/sketches/A3471B6C8EF7C2A4C6EBC8813B352B14/core/core.a(RingBuffer.cpp.o)
                0x0000000000081556                RingBuffer::store_char(unsigned char)
 .text._ZN9UARTClasscvbEv
                0x0000000000081574        0x4 /tmp/arduino/sketches/A3471B6C8EF7C2A4C6EBC8813B352B14/core/core.a(UARTClass.cpp.o)
                0x0000000000081574                UARTClass::operator bool()
 .text._ZN9UARTClass9availableEv
                0x0000000000081578       0x12 /tmp/arduino/sketches/A3471B6C8EF7C2A4C6EBC8813B352B14/core/core.a(UARTClass.cpp.o)
                0x0000000000081578                UARTClass::available()
 .text._ZN9UARTClass4peekEv
                0x000000000008158a       0x1c /tmp/arduino/sketches/A3471B6C8EF7C2A4C6EBC8813B352B14/core/core.a(UARTClass.cpp.o)
                0x000000000008158a                UARTClass::peek()
 .text._ZN9UARTClass4readEv
                0x00000000000815a6       0x2a /tmp/arduino/sketches/A3471B6C8EF7C2A4C6EBC8813B352B14/core/core.a(UARTClass.cpp.o)
                0x00000000000815a6                UARTClass::read()
 .text._ZN9UARTClass5flushEv
                0x00000000000815d0       0x18 /tmp/arduino/sketches/A3471B6C8EF7C2A4C6EBC8813B352B14/core/core.a(UARTClass.cpp.o)
                0x00000000000815d0                UARTClass::flush()
 .text._ZN9UARTClass5writeEh
                0x00000000000815e8       0x54 /tmp/arduino/sketches/A3471B6C8EF7C2A4C6EBC8813B352B14/core/core.a(UARTClass.cpp.o)
                0x00000000000815e8                UARTClass::write(unsigned char)
 .text._ZN9UARTClass3endEv
                0x000000000008163c       0x3c /tmp/arduino/sketches/A3471B6C8EF7C2A4C6EBC8813B352B14/core/core.a(UARTClass.cpp.o)
                0x000000000008163c                UARTClass::end()
 .text._ZN9UARTClassC2EP4Uart4IRQnmP10RingBufferS4_
                0x0000000000081678       0x24 /tmp/arduino/sketches/A3471B6C8EF7C2A4C6EBC8813B352B14/core/core.a(UARTClass.cpp.o)
                0x0000000000081678                UARTClass::UARTClass(Uart*, IRQn, unsigned long, RingBuffer*, RingBuffer*)
                0x0000000000081678                UARTClass::UARTClass(Uart*, IRQn, unsigned long, RingBuffer*, RingBuffer*)
 .text._ZN9UARTClass4initEmm
                0x000000000008169c       0x70 /tmp/arduino/sketches/A3471B6C8EF7C2A4C6EBC8813B352B14/core/core.a(UARTClass.cpp.o)
                0x000000000008169c                UARTClass::init(unsigned long, unsigned long)
 .text._ZN9UARTClass5beginEm
                0x000000000008170c        0x8 /tmp/arduino/sketches/A3471B6C8EF7C2A4C6EBC8813B352B14/core/core.a(UARTClass.cpp.o)
                0x000000000008170c                UARTClass::begin(unsigned long)
 .text._ZN9UARTClass10IrqHandlerEv
                0x0000000000081714       0x5a /tmp/arduino/sketches/A3471B6C8EF7C2A4C6EBC8813B352B14/core/core.a(UARTClass.cpp.o)
                0x0000000000081714                UARTClass::IrqHandler()
 .text._ZN10USARTClass5beginEm
                0x000000000008176e        0x8 /tmp/arduino/sketches/A3471B6C8EF7C2A4C6EBC8813B352B14/core/core.a(USARTClass.cpp.o)
                0x000000000008176e                USARTClass::begin(unsigned long)
 *fill*         0x0000000000081776        0x2 
 .text._ZN10USARTClassC2EP5Usart4IRQnmP10RingBufferS4_
                0x0000000000081778       0x24 /tmp/arduino/sketches/A3471B6C8EF7C2A4C6EBC8813B352B14/core/core.a(USARTClass.cpp.o)
                0x0000000000081778                USARTClass::USARTClass(Usart*, IRQn, unsigned long, RingBuffer*, RingBuffer*)
                0x0000000000081778                USARTClass::USARTClass(Usart*, IRQn, unsigned long, RingBuffer*, RingBuffer*)
 .text.PIOA_Handler
                0x000000000008179c       0x38 /tmp/arduino/sketches/A3471B6C8EF7C2A4C6EBC8813B352B14/core/core.a(WInterrupts.c.o)
                0x000000000008179c                PIOA_Handler
 .text.PIOB_Handler
                0x00000000000817d4       0x38 /tmp/arduino/sketches/A3471B6C8EF7C2A4C6EBC8813B352B14/core/core.a(WInterrupts.c.o)
                0x00000000000817d4                PIOB_Handler
 .text.PIOC_Handler
                0x000000000008180c       0x38 /tmp/arduino/sketches/A3471B6C8EF7C2A4C6EBC8813B352B14/core/core.a(WInterrupts.c.o)
                0x000000000008180c                PIOC_Handler
 .text.PIOD_Handler
                0x0000000000081844       0x38 /tmp/arduino/sketches/A3471B6C8EF7C2A4C6EBC8813B352B14/core/core.a(WInterrupts.c.o)
                0x0000000000081844                PIOD_Handler
 .text.__cxa_pure_virtual
                0x000000000008187c        0x2 /tmp/arduino/sketches/A3471B6C8EF7C2A4C6EBC8813B352B14/core/core.a(abi.cpp.o)
                0x000000000008187c                __cxa_pure_virtual
 .text.__halt   0x000000000008187e        0x2 /tmp/arduino/sketches/A3471B6C8EF7C2A4C6EBC8813B352B14/core/core.a(cortex_handlers.c.o)
                0x000000000008187e                DACC_Handler
                0x000000000008187e                DebugMon_Handler
                0x000000000008187e                DMAC_Handler
                0x000000000008187e                TRNG_Handler
                0x000000000008187e                HardFault_Handler
                0x000000000008187e                TC2_Handler
                0x000000000008187e                TWI1_Handler
                0x000000000008187e                NMI_Handler
                0x000000000008187e                TC7_Handler
                0x000000000008187e                ADC_Handler
                0x000000000008187e                SMC_Handler
                0x000000000008187e                RTT_Handler
                0x000000000008187e                EFC1_Handler
                0x000000000008187e                RTC_Handler
                0x000000000008187e                UsageFault_Handler
                0x000000000008187e                TC6_Handler
                0x000000000008187e                WDT_Handler
                0x000000000008187e                TC4_Handler
                0x000000000008187e                TC1_Handler
                0x000000000008187e                HSMCI_Handler
                0x000000000008187e                TC3_Handler
                0x000000000008187e                TWI0_Handler
                0x000000000008187e                SSC_Handler
                0x000000000008187e                EFC0_Handler
                0x000000000008187e                PMC_Handler
                0x000000000008187e                PWM_Handler
                0x000000000008187e                MemManage_Handler
                0x000000000008187e                SUPC_Handler
                0x000000000008187e                TC8_Handler
                0x000000000008187e                USART2_Handler
                0x000000000008187e                EMAC_Handler
                0x000000000008187e                BusFault_Handler
                0x000000000008187e                RSTC_Handler
                0x000000000008187e                TC0_Handler
                0x000000000008187e                TC5_Handler
                0x000000000008187e                SPI0_Handler
 .text.SVC_Handler
                0x0000000000081880        0x4 /tmp/arduino/sketches/A3471B6C8EF7C2A4C6EBC8813B352B14/core/core.a(cortex_handlers.c.o)
                0x0000000000081880                SVC_Handler
 .text.PendSV_Handler
                0x0000000000081884        0x4 /tmp/arduino/sketches/A3471B6C8EF7C2A4C6EBC8813B352B14/core/core.a(cortex_handlers.c.o)
                0x0000000000081884                PendSV_Handler
 .text.SysTick_Handler
                0x0000000000081888       0x16 /tmp/arduino/sketches/A3471B6C8EF7C2A4C6EBC8813B352B14/core/core.a(cortex_handlers.c.o)
                0x0000000000081888                SysTick_Handler
 .text.__empty  0x000000000008189e        0x2 /tmp/arduino/sketches/A3471B6C8EF7C2A4C6EBC8813B352B14/core/core.a(hooks.c.o)
                0x000000000008189e                yield
 .text.__false  0x00000000000818a0        0x4 /tmp/arduino/sketches/A3471B6C8EF7C2A4C6EBC8813B352B14/core/core.a(hooks.c.o)
                0x00000000000818a0                sysTickHook
 .text.__halt   0x00000000000818a4        0x2 /tmp/arduino/sketches/A3471B6C8EF7C2A4C6EBC8813B352B14/core/core.a(hooks.c.o)
                0x00000000000818a4                pendSVHook
                0x00000000000818a4                svcHook
 .text.initVariant
                0x00000000000818a6        0x2 /tmp/arduino/sketches/A3471B6C8EF7C2A4C6EBC8813B352B14/core/core.a(main.cpp.o)
                0x00000000000818a6                initVariant
 .text.startup.main
                0x00000000000818a8       0x38 /tmp/arduino/sketches/A3471B6C8EF7C2A4C6EBC8813B352B14/core/core.a(main.cpp.o)
                0x00000000000818a8                main
 .text._Znaj    0x00000000000818e0        0x4 /tmp/arduino/sketches/A3471B6C8EF7C2A4C6EBC8813B352B14/core/core.a(new.cpp.o)
                0x00000000000818e0                operator new[](unsigned int)
 .text._sbrk    0x00000000000818e4       0x1c /tmp/arduino/sketches/A3471B6C8EF7C2A4C6EBC8813B352B14/core/core.a(syscalls_sam3.c.o)
                0x00000000000818e4                _sbrk
 .text.link     0x0000000000081900        0x6 /tmp/arduino/sketches/A3471B6C8EF7C2A4C6EBC8813B352B14/core/core.a(syscalls_sam3.c.o)
                0x0000000000081900                link
 .text._close   0x0000000000081906        0x6 /tmp/arduino/sketches/A3471B6C8EF7C2A4C6EBC8813B352B14/core/core.a(syscalls_sam3.c.o)
                0x0000000000081906                _close
 .text._fstat   0x000000000008190c        0xa /tmp/arduino/sketches/A3471B6C8EF7C2A4C6EBC8813B352B14/core/core.a(syscalls_sam3.c.o)
                0x000000000008190c                _fstat
 .text._isatty  0x0000000000081916        0x4 /tmp/arduino/sketches/A3471B6C8EF7C2A4C6EBC8813B352B14/core/core.a(syscalls_sam3.c.o)
                0x0000000000081916                _isatty
 .text._lseek   0x000000000008191a        0x4 /tmp/arduino/sketches/A3471B6C8EF7C2A4C6EBC8813B352B14/core/core.a(syscalls_sam3.c.o)
                0x000000000008191a                _lseek
 .text._read    0x000000000008191e        0x4 /tmp/arduino/sketches/A3471B6C8EF7C2A4C6EBC8813B352B14/core/core.a(syscalls_sam3.c.o)
                0x000000000008191e                _read
 *fill*         0x0000000000081922        0x2 
 .text._write   0x0000000000081924       0x24 /tmp/arduino/sketches/A3471B6C8EF7C2A4C6EBC8813B352B14/core/core.a(syscalls_sam3.c.o)
                0x0000000000081924                _write
 .text._exit    0x0000000000081948        0x2 /tmp/arduino/sketches/A3471B6C8EF7C2A4C6EBC8813B352B14/core/core.a(syscalls_sam3.c.o)
                0x0000000000081948                _exit
 .text._kill    0x000000000008194a        0x2 /tmp/arduino/sketches/A3471B6C8EF7C2A4C6EBC8813B352B14/core/core.a(syscalls_sam3.c.o)
                0x000000000008194a                _kill
 .text._getpid  0x000000000008194c        0x6 /tmp/arduino/sketches/A3471B6C8EF7C2A4C6EBC8813B352B14/core/core.a(syscalls_sam3.c.o)
                0x000000000008194c                _getpid
 *fill*         0x0000000000081952        0x2 
 .text._watchdogDefaultSetup
                0x0000000000081954        0xc /tmp/arduino/sketches/A3471B6C8EF7C2A4C6EBC8813B352B14/core/core.a(watchdog.cpp.o)
                0x0000000000081954                watchdogSetup()
                0x0000000000081954                _watchdogDefaultSetup
 .text.delay    0x0000000000081960       0x1c /tmp/arduino/sketches/A3471B6C8EF7C2A4C6EBC8813B352B14/core/core.a(wiring.c.o)
                0x0000000000081960                delay
 .text.analogOutputInit
                0x000000000008197c        0x2 /tmp/arduino/sketches/A3471B6C8EF7C2A4C6EBC8813B352B14/core/core.a(wiring_analog.c.o)
                0x000000000008197c                analogOutputInit
 *fill*         0x000000000008197e        0x2 
 .text.pinMode  0x0000000000081980      0x108 /tmp/arduino/sketches/A3471B6C8EF7C2A4C6EBC8813B352B14/core/core.a(wiring_digital.c.o)
                0x0000000000081980                pinMode
 .text.digitalWrite
                0x0000000000081a88       0x70 /tmp/arduino/sketches/A3471B6C8EF7C2A4C6EBC8813B352B14/core/core.a(wiring_digital.c.o)
                0x0000000000081a88                digitalWrite
 .text.initiateReset
                0x0000000000081af8        0xc /tmp/arduino/sketches/A3471B6C8EF7C2A4C6EBC8813B352B14/core/core.a(Reset.cpp.o)
                0x0000000000081af8                initiateReset
 .text.cancelReset
                0x0000000000081b04       0x10 /tmp/arduino/sketches/A3471B6C8EF7C2A4C6EBC8813B352B14/core/core.a(Reset.cpp.o)
                0x0000000000081b04                cancelReset
 .text.tickReset
                0x0000000000081b14       0x20 /tmp/arduino/sketches/A3471B6C8EF7C2A4C6EBC8813B352B14/core/core.a(Reset.cpp.o)
                0x0000000000081b14                tickReset
 .text.unlikely._ZL11USB_SendZlpv
                0x0000000000081b34       0x20 /tmp/arduino/sketches/A3471B6C8EF7C2A4C6EBC8813B352B14/core/core.a(USBCore.cpp.o)
 .text._Z14USBD_Availablem
                0x0000000000081b54       0x2c /tmp/arduino/sketches/A3471B6C8EF7C2A4C6EBC8813B352B14/core/core.a(USBCore.cpp.o)
                0x0000000000081b54                USBD_Available(unsigned long)
 .text._Z9USBD_RecvmPvm
                0x0000000000081b80       0x7c /tmp/arduino/sketches/A3471B6C8EF7C2A4C6EBC8813B352B14/core/core.a(USBCore.cpp.o)
                0x0000000000081b80                USBD_Recv(unsigned long, void*, unsigned long)
 .text._Z9USBD_Recvm
                0x0000000000081bfc       0x22 /tmp/arduino/sketches/A3471B6C8EF7C2A4C6EBC8813B352B14/core/core.a(USBCore.cpp.o)
                0x0000000000081bfc                USBD_Recv(unsigned long)
 *fill*         0x0000000000081c1e        0x2 
 .text._Z9USBD_SendmPKvm
                0x0000000000081c20       0x4c /tmp/arduino/sketches/A3471B6C8EF7C2A4C6EBC8813B352B14/core/core.a(USBCore.cpp.o)
                0x0000000000081c20                USBD_Send(unsigned long, void const*, unsigned long)
 .text._Z16USBD_SendControlhPKvm
                0x0000000000081c6c       0x40 /tmp/arduino/sketches/A3471B6C8EF7C2A4C6EBC8813B352B14/core/core.a(USBCore.cpp.o)
                0x0000000000081c6c                USBD_SendControl(unsigned char, void const*, unsigned long)
 .text.unlikely._ZL24USB_SendStringDescriptorPKhi
                0x0000000000081cac       0x64 /tmp/arduino/sketches/A3471B6C8EF7C2A4C6EBC8813B352B14/core/core.a(USBCore.cpp.o)
 .text._Z16USBD_RecvControlPvm
                0x0000000000081d10       0x1c /tmp/arduino/sketches/A3471B6C8EF7C2A4C6EBC8813B352B14/core/core.a(USBCore.cpp.o)
                0x0000000000081d10                USBD_RecvControl(void*, unsigned long)
 .text._Z26USBD_ClassInterfaceRequestR8USBSetup
                0x0000000000081d2c       0x1e /tmp/arduino/sketches/A3471B6C8EF7C2A4C6EBC8813B352B14/core/core.a(USBCore.cpp.o)
                0x0000000000081d2c                USBD_ClassInterfaceRequest(USBSetup&)
 .text._Z19USBD_SendInterfacesv
                0x0000000000081d4a       0x22 /tmp/arduino/sketches/A3471B6C8EF7C2A4C6EBC8813B352B14/core/core.a(USBCore.cpp.o)
                0x0000000000081d4a                USBD_SendInterfaces()
 .text._Z24USBD_SendOtherInterfacesv
                0x0000000000081d6c       0x22 /tmp/arduino/sketches/A3471B6C8EF7C2A4C6EBC8813B352B14/core/core.a(USBCore.cpp.o)
                0x0000000000081d6c                USBD_SendOtherInterfaces()
 .text._Z10USBD_Flushm
                0x0000000000081d8e       0x16 /tmp/arduino/sketches/A3471B6C8EF7C2A4C6EBC8813B352B14/core/core.a(USBCore.cpp.o)
                0x0000000000081d8e                USBD_Flush(unsigned long)
 .text._ZN10USBDevice_C2Ev
                0x0000000000081da4       0x24 /tmp/arduino/sketches/A3471B6C8EF7C2A4C6EBC8813B352B14/core/core.a(USBCore.cpp.o)
                0x0000000000081da4                USBDevice_::USBDevice_()
                0x0000000000081da4                USBDevice_::USBDevice_()
 .text._ZN10USBDevice_6attachEv
                0x0000000000081dc8       0x20 /tmp/arduino/sketches/A3471B6C8EF7C2A4C6EBC8813B352B14/core/core.a(USBCore.cpp.o)
                0x0000000000081dc8                USBDevice_::attach()
 .text.startup._GLOBAL__sub_I_EndPoints
                0x0000000000081de8        0xc /tmp/arduino/sketches/A3471B6C8EF7C2A4C6EBC8813B352B14/core/core.a(USBCore.cpp.o)
 .text._ZL7USB_ISRv
                0x0000000000081df4      0x454 /tmp/arduino/sketches/A3471B6C8EF7C2A4C6EBC8813B352B14/core/core.a(USBCore.cpp.o)
 .text._ZN7Serial_9availableEv
                0x0000000000082248       0x18 /tmp/arduino/sketches/A3471B6C8EF7C2A4C6EBC8813B352B14/core/core.a(CDC.cpp.o)
                0x0000000000082248                Serial_::available()
 .text._ZN7Serial_17availableForWriteEv
                0x0000000000082260        0x6 /tmp/arduino/sketches/A3471B6C8EF7C2A4C6EBC8813B352B14/core/core.a(CDC.cpp.o)
                0x0000000000082260                Serial_::availableForWrite()
 *fill*         0x0000000000082266        0x2 
 .text._ZN7Serial_4peekEv
                0x0000000000082268       0x20 /tmp/arduino/sketches/A3471B6C8EF7C2A4C6EBC8813B352B14/core/core.a(CDC.cpp.o)
                0x0000000000082268                Serial_::peek()
 .text._ZN7Serial_5writeEh
                0x0000000000082288       0x16 /tmp/arduino/sketches/A3471B6C8EF7C2A4C6EBC8813B352B14/core/core.a(CDC.cpp.o)
                0x0000000000082288                Serial_::write(unsigned char)
 *fill*         0x000000000008229e        0x2 
 .text._ZN7Serial_4readEv
                0x00000000000822a0       0x44 /tmp/arduino/sketches/A3471B6C8EF7C2A4C6EBC8813B352B14/core/core.a(CDC.cpp.o)
                0x00000000000822a0                Serial_::read()
 .text._ZN7Serial_5flushEv
                0x00000000000822e4        0x6 /tmp/arduino/sketches/A3471B6C8EF7C2A4C6EBC8813B352B14/core/core.a(CDC.cpp.o)
                0x00000000000822e4                Serial_::flush()
 *fill*         0x00000000000822ea        0x2 
 .text._ZN7Serial_6acceptEv
                0x00000000000822ec       0x70 /tmp/arduino/sketches/A3471B6C8EF7C2A4C6EBC8813B352B14/core/core.a(CDC.cpp.o)
                0x00000000000822ec                Serial_::accept()
 .text._ZN7Serial_5writeEPKhj
                0x000000000008235c       0x2c /tmp/arduino/sketches/A3471B6C8EF7C2A4C6EBC8813B352B14/core/core.a(CDC.cpp.o)
                0x000000000008235c                Serial_::write(unsigned char const*, unsigned int)
 .text._Z16CDC_GetInterfacePh
                0x0000000000082388       0x14 /tmp/arduino/sketches/A3471B6C8EF7C2A4C6EBC8813B352B14/core/core.a(CDC.cpp.o)
                0x0000000000082388                CDC_GetInterface(unsigned char*)
 .text._Z21CDC_GetOtherInterfacePh
                0x000000000008239c       0x14 /tmp/arduino/sketches/A3471B6C8EF7C2A4C6EBC8813B352B14/core/core.a(CDC.cpp.o)
                0x000000000008239c                CDC_GetOtherInterface(unsigned char*)
 .text._Z9CDC_SetupR8USBSetup
                0x00000000000823b0       0x78 /tmp/arduino/sketches/A3471B6C8EF7C2A4C6EBC8813B352B14/core/core.a(CDC.cpp.o)
                0x00000000000823b0                CDC_Setup(USBSetup&)
 .text.startup._GLOBAL__sub_I_cdc_rx_buffer
                0x0000000000082428       0x1c /tmp/arduino/sketches/A3471B6C8EF7C2A4C6EBC8813B352B14/core/core.a(CDC.cpp.o)
 .text._ZN13PluggableUSB_12getInterfaceEPh
                0x0000000000082444       0x28 /tmp/arduino/sketches/A3471B6C8EF7C2A4C6EBC8813B352B14/core/core.a(PluggableUSB.cpp.o)
                0x0000000000082444                PluggableUSB_::getInterface(unsigned char*)
 .text._ZN13PluggableUSB_13getDescriptorER8USBSetup
                0x000000000008246c       0x1c /tmp/arduino/sketches/A3471B6C8EF7C2A4C6EBC8813B352B14/core/core.a(PluggableUSB.cpp.o)
                0x000000000008246c                PluggableUSB_::getDescriptor(USBSetup&)
 .text._ZN13PluggableUSB_12getShortNameEPc
                0x0000000000082488       0x1c /tmp/arduino/sketches/A3471B6C8EF7C2A4C6EBC8813B352B14/core/core.a(PluggableUSB.cpp.o)
                0x0000000000082488                PluggableUSB_::getShortName(char*)
 .text._ZN13PluggableUSB_5setupER8USBSetup
                0x00000000000824a4       0x20 /tmp/arduino/sketches/A3471B6C8EF7C2A4C6EBC8813B352B14/core/core.a(PluggableUSB.cpp.o)
                0x00000000000824a4                PluggableUSB_::setup(USBSetup&)
 .text._Z12PluggableUSBv
                0x00000000000824c4       0x28 /tmp/arduino/sketches/A3471B6C8EF7C2A4C6EBC8813B352B14/core/core.a(PluggableUSB.cpp.o)
                0x00000000000824c4                PluggableUSB()
 .text.TimeTick_Increment
                0x00000000000824ec       0x10 /home/miguelx413/.arduino15/packages/arduino/hardware/sam/1.6.12/variants/arduino_due_x/libsam_sam3x8e_gcc_rel.a(timetick.o)
                0x00000000000824ec                TimeTick_Increment
 .text.GetTickCount
                0x00000000000824fc        0xc /home/miguelx413/.arduino15/packages/arduino/hardware/sam/1.6.12/variants/arduino_due_x/libsam_sam3x8e_gcc_rel.a(timetick.o)
                0x00000000000824fc                GetTickCount
 .text.WDT_Disable
                0x0000000000082508        0x8 /home/miguelx413/.arduino15/packages/arduino/hardware/sam/1.6.12/variants/arduino_due_x/libsam_sam3x8e_gcc_rel.a(wdt.o)
                0x0000000000082508                WDT_Disable
 .text.UDD_SetStack
                0x0000000000082510        0xc /home/miguelx413/.arduino15/packages/arduino/hardware/sam/1.6.12/variants/arduino_due_x/libsam_sam3x8e_gcc_rel.a(uotghs_device.o)
                0x0000000000082510                UDD_SetStack
 .text.UDD_Init
                0x000000000008251c       0xd0 /home/miguelx413/.arduino15/packages/arduino/hardware/sam/1.6.12/variants/arduino_due_x/libsam_sam3x8e_gcc_rel.a(uotghs_device.o)
                0x000000000008251c                UDD_Init
 .text.UDD_Attach
                0x00000000000825ec       0x50 /home/miguelx413/.arduino15/packages/arduino/hardware/sam/1.6.12/variants/arduino_due_x/libsam_sam3x8e_gcc_rel.a(uotghs_device.o)
                0x00000000000825ec                UDD_Attach
 .text.UDD_InitEP
                0x000000000008263c       0x2c /home/miguelx413/.arduino15/packages/arduino/hardware/sam/1.6.12/variants/arduino_due_x/libsam_sam3x8e_gcc_rel.a(uotghs_device.o)
                0x000000000008263c                UDD_InitEP
 .text.UDD_InitEndpoints
                0x0000000000082668       0x3c /home/miguelx413/.arduino15/packages/arduino/hardware/sam/1.6.12/variants/arduino_due_x/libsam_sam3x8e_gcc_rel.a(uotghs_device.o)
                0x0000000000082668                UDD_InitEndpoints
 .text.UDD_WaitIN
                0x00000000000826a4       0x10 /home/miguelx413/.arduino15/packages/arduino/hardware/sam/1.6.12/variants/arduino_due_x/libsam_sam3x8e_gcc_rel.a(uotghs_device.o)
                0x00000000000826a4                UDD_WaitIN
 .text.UDD_WaitOUT
                0x00000000000826b4       0x10 /home/miguelx413/.arduino15/packages/arduino/hardware/sam/1.6.12/variants/arduino_due_x/libsam_sam3x8e_gcc_rel.a(uotghs_device.o)
                0x00000000000826b4                UDD_WaitOUT
 .text.UDD_ClearIN
                0x00000000000826c4       0x18 /home/miguelx413/.arduino15/packages/arduino/hardware/sam/1.6.12/variants/arduino_due_x/libsam_sam3x8e_gcc_rel.a(uotghs_device.o)
                0x00000000000826c4                UDD_ClearIN
 .text.UDD_ClearOUT
                0x00000000000826dc       0x18 /home/miguelx413/.arduino15/packages/arduino/hardware/sam/1.6.12/variants/arduino_due_x/libsam_sam3x8e_gcc_rel.a(uotghs_device.o)
                0x00000000000826dc                UDD_ClearOUT
 .text.UDD_ReceivedSetupInt
                0x00000000000826f4       0x10 /home/miguelx413/.arduino15/packages/arduino/hardware/sam/1.6.12/variants/arduino_due_x/libsam_sam3x8e_gcc_rel.a(uotghs_device.o)
                0x00000000000826f4                UDD_ReceivedSetupInt
 .text.UDD_ClearSetupInt
                0x0000000000082704       0x10 /home/miguelx413/.arduino15/packages/arduino/hardware/sam/1.6.12/variants/arduino_due_x/libsam_sam3x8e_gcc_rel.a(uotghs_device.o)
                0x0000000000082704                UDD_ClearSetupInt
 .text.UDD_Send
                0x0000000000082714       0x88 /home/miguelx413/.arduino15/packages/arduino/hardware/sam/1.6.12/variants/arduino_due_x/libsam_sam3x8e_gcc_rel.a(uotghs_device.o)
                0x0000000000082714                UDD_Send
 .text.UDD_Send8
                0x000000000008279c       0x24 /home/miguelx413/.arduino15/packages/arduino/hardware/sam/1.6.12/variants/arduino_due_x/libsam_sam3x8e_gcc_rel.a(uotghs_device.o)
                0x000000000008279c                UDD_Send8
 .text.UDD_Recv8
                0x00000000000827c0       0x28 /home/miguelx413/.arduino15/packages/arduino/hardware/sam/1.6.12/variants/arduino_due_x/libsam_sam3x8e_gcc_rel.a(uotghs_device.o)
                0x00000000000827c0                UDD_Recv8
 .text.UDD_Recv
                0x00000000000827e8       0x34 /home/miguelx413/.arduino15/packages/arduino/hardware/sam/1.6.12/variants/arduino_due_x/libsam_sam3x8e_gcc_rel.a(uotghs_device.o)
                0x00000000000827e8                UDD_Recv
 .text.UDD_Stall
                0x000000000008281c       0x14 /home/miguelx413/.arduino15/packages/arduino/hardware/sam/1.6.12/variants/arduino_due_x/libsam_sam3x8e_gcc_rel.a(uotghs_device.o)
                0x000000000008281c                UDD_Stall
 .text.UDD_FifoByteCount
                0x0000000000082830       0x14 /home/miguelx413/.arduino15/packages/arduino/hardware/sam/1.6.12/variants/arduino_due_x/libsam_sam3x8e_gcc_rel.a(uotghs_device.o)
                0x0000000000082830                UDD_FifoByteCount
 .text.UDD_ReleaseRX
                0x0000000000082844       0x28 /home/miguelx413/.arduino15/packages/arduino/hardware/sam/1.6.12/variants/arduino_due_x/libsam_sam3x8e_gcc_rel.a(uotghs_device.o)
                0x0000000000082844                UDD_ReleaseRX
 .text.UDD_ReleaseTX
                0x000000000008286c       0x28 /home/miguelx413/.arduino15/packages/arduino/hardware/sam/1.6.12/variants/arduino_due_x/libsam_sam3x8e_gcc_rel.a(uotghs_device.o)
                0x000000000008286c                UDD_ReleaseTX
 .text.UDD_SetAddress
                0x0000000000082894       0x20 /home/miguelx413/.arduino15/packages/arduino/hardware/sam/1.6.12/variants/arduino_due_x/libsam_sam3x8e_gcc_rel.a(uotghs_device.o)
                0x0000000000082894                UDD_SetAddress
 .text          0x00000000000828b4       0x18 /home/miguelx413/.arduino15/packages/arduino/tools/arm-none-eabi-gcc/4.8.3-2014q1/bin/../lib/gcc/arm-none-eabi/4.8.3/armv7-m/libgcc.a(_lshrdi3.o)
                0x00000000000828b4                __aeabi_llsr
                0x00000000000828b4                __lshrdi3
 .text.__libc_init_array
                0x00000000000828cc       0x50 /home/miguelx413/.arduino15/packages/arduino/tools/arm-none-eabi-gcc/4.8.3-2014q1/bin/../lib/gcc/arm-none-eabi/4.8.3/../../../../arm-none-eabi/lib/armv7-m/libc.a(lib_a-init.o)
                0x00000000000828cc                __libc_init_array
 .text.malloc   0x000000000008291c       0x10 /home/miguelx413/.arduino15/packages/arduino/tools/arm-none-eabi-gcc/4.8.3-2014q1/bin/../lib/gcc/arm-none-eabi/4.8.3/../../../../arm-none-eabi/lib/armv7-m/libc.a(lib_a-malloc.o)
                0x000000000008291c                malloc
 .text._malloc_r
                0x000000000008292c      0x538 /home/miguelx413/.arduino15/packages/arduino/tools/arm-none-eabi-gcc/4.8.3-2014q1/bin/../lib/gcc/arm-none-eabi/4.8.3/../../../../arm-none-eabi/lib/armv7-m/libc.a(lib_a-mallocr.o)
                0x000000000008292c                _malloc_r
 .text.memset   0x0000000000082e64       0x94 /home/miguelx413/.arduino15/packages/arduino/tools/arm-none-eabi-gcc/4.8.3-2014q1/bin/../lib/gcc/arm-none-eabi/4.8.3/../../../../arm-none-eabi/lib/armv7-m/libc.a(lib_a-memset.o)
                0x0000000000082e64                memset
 .text.__malloc_lock
                0x0000000000082ef8        0x4 /home/miguelx413/.arduino15/packages/arduino/tools/arm-none-eabi-gcc/4.8.3-2014q1/bin/../lib/gcc/arm-none-eabi/4.8.3/../../../../arm-none-eabi/lib/armv7-m/libc.a(lib_a-mlock.o)
                0x0000000000082ef8                __malloc_lock
 .text.__malloc_unlock
                0x0000000000082efc        0x4 /home/miguelx413/.arduino15/packages/arduino/tools/arm-none-eabi-gcc/4.8.3-2014q1/bin/../lib/gcc/arm-none-eabi/4.8.3/../../../../arm-none-eabi/lib/armv7-m/libc.a(lib_a-mlock.o)
                0x0000000000082efc                __malloc_unlock
 .text._sbrk_r  0x0000000000082f00       0x24 /home/miguelx413/.arduino15/packages/arduino/tools/arm-none-eabi-gcc/4.8.3-2014q1/bin/../lib/gcc/arm-none-eabi/4.8.3/../../../../arm-none-eabi/lib/armv7-m/libc.a(lib_a-sbrkr.o)
                0x0000000000082f00                _sbrk_r
 .text.strlen   0x0000000000082f24       0x60 /home/miguelx413/.arduino15/packages/arduino/tools/arm-none-eabi-gcc/4.8.3-2014q1/bin/../lib/gcc/arm-none-eabi/4.8.3/../../../../arm-none-eabi/lib/armv7-m/libc.a(lib_a-strlen.o)
                0x0000000000082f24                strlen
 .text.kill     0x0000000000082f84       0x10 /home/miguelx413/.arduino15/packages/arduino/tools/arm-none-eabi-gcc/4.8.3-2014q1/bin/../lib/gcc/arm-none-eabi/4.8.3/../../../../arm-none-eabi/lib/armv7-m/libc.a(lib_a-syskill.o)
                0x0000000000082f84                kill
 .text.startup.register_fini
                0x0000000000082f94       0x14 /home/miguelx413/.arduino15/packages/arduino/tools/arm-none-eabi-gcc/4.8.3-2014q1/bin/../lib/gcc/arm-none-eabi/4.8.3/../../../../arm-none-eabi/lib/armv7-m/libc.a(lib_a-__call_atexit.o)
 .text.atexit   0x0000000000082fa8        0xc /home/miguelx413/.arduino15/packages/arduino/tools/arm-none-eabi-gcc/4.8.3-2014q1/bin/../lib/gcc/arm-none-eabi/4.8.3/../../../../arm-none-eabi/lib/armv7-m/libc.a(lib_a-atexit.o)
                0x0000000000082fa8                atexit
 .text.__libc_fini_array
                0x0000000000082fb4       0x30 /home/miguelx413/.arduino15/packages/arduino/tools/arm-none-eabi-gcc/4.8.3-2014q1/bin/../lib/gcc/arm-none-eabi/4.8.3/../../../../arm-none-eabi/lib/armv7-m/libc.a(lib_a-fini.o)
                0x0000000000082fb4                __libc_fini_array
 .text._malloc_trim_r
                0x0000000000082fe4       0x9c /home/miguelx413/.arduino15/packages/arduino/tools/arm-none-eabi-gcc/4.8.3-2014q1/bin/../lib/gcc/arm-none-eabi/4.8.3/../../../../arm-none-eabi/lib/armv7-m/libc.a(lib_a-freer.o)
                0x0000000000082fe4                _malloc_trim_r
 .text._free_r  0x0000000000083080      0x198 /home/miguelx413/.arduino15/packages/arduino/tools/arm-none-eabi-gcc/4.8.3-2014q1/bin/../lib/gcc/arm-none-eabi/4.8.3/../../../../arm-none-eabi/lib/armv7-m/libc.a(lib_a-freer.o)
                0x0000000000083080                _free_r
 .text._kill_r  0x0000000000083218       0x28 /home/miguelx413/.arduino15/packages/arduino/tools/arm-none-eabi-gcc/4.8.3-2014q1/bin/../lib/gcc/arm-none-eabi/4.8.3/../../../../arm-none-eabi/lib/armv7-m/libc.a(lib_a-signalr.o)
                0x0000000000083218                _kill_r
 .text.__register_exitproc
                0x0000000000083240       0xa8 /home/miguelx413/.arduino15/packages/arduino/tools/arm-none-eabi-gcc/4.8.3-2014q1/bin/../lib/gcc/arm-none-eabi/4.8.3/../../../../arm-none-eabi/lib/armv7-m/libc.a(lib_a-__atexit.o)
                0x0000000000083240                __register_exitproc
 *(.glue_7t)
 .glue_7t       0x0000000000000000        0x0 linker stubs
 *(.glue_7)
 .glue_7        0x0000000000000000        0x0 linker stubs
 *(.rodata .rodata* .gnu.linkonce.r.*)
 .rodata        0x00000000000832e8       0x20 /tmp/arduino/sketches/A3471B6C8EF7C2A4C6EBC8813B352B14/libraries/due_can/due_can.cpp.o
 .rodata._ZL12can_bit_time
                0x0000000000083308       0x6c /tmp/arduino/sketches/A3471B6C8EF7C2A4C6EBC8813B352B14/libraries/due_can/due_can.cpp.o
 *fill*         0x0000000000083374        0x4 
 .rodata._ZTV6CANRaw
                0x0000000000083378       0x48 /tmp/arduino/sketches/A3471B6C8EF7C2A4C6EBC8813B352B14/libraries/due_can/due_can.cpp.o
                0x0000000000083378                vtable for CANRaw
 .rodata.str1.1
                0x00000000000833c0       0x13 /tmp/arduino/sketches/A3471B6C8EF7C2A4C6EBC8813B352B14/libraries/due_can/due_can.cpp.o
 .rodata.CSWTCH.144
                0x00000000000833d3        0x8 /tmp/arduino/sketches/A3471B6C8EF7C2A4C6EBC8813B352B14/libraries/due_can/due_can.cpp.o
 *fill*         0x00000000000833db        0x5 
 .rodata._ZTV10CAN_COMMON
                0x00000000000833e0       0x48 /tmp/arduino/sketches/A3471B6C8EF7C2A4C6EBC8813B352B14/libraries/can_common/can_common.cpp.o
                0x00000000000833e0                vtable for CAN_COMMON
 .rodata.g_APinDescription
                0x0000000000083428      0xa2c /tmp/arduino/sketches/A3471B6C8EF7C2A4C6EBC8813B352B14/core/variant.cpp.o
                0x0000000000083428                g_APinDescription
 .rodata        0x0000000000083e54       0x40 /home/miguelx413/.arduino15/packages/arduino/hardware/sam/1.6.12/variants/arduino_due_x/libsam_sam3x8e_gcc_rel.a(adc.o)
 .rodata.str1.1
                0x0000000000083e94        0xf /tmp/arduino/sketches/A3471B6C8EF7C2A4C6EBC8813B352B14/core/core.a(Print.cpp.o)
 *fill*         0x0000000000083ea3        0x5 
 .rodata._ZTV9UARTClass
                0x0000000000083ea8       0x30 /tmp/arduino/sketches/A3471B6C8EF7C2A4C6EBC8813B352B14/core/core.a(UARTClass.cpp.o)
                0x0000000000083ea8                vtable for UARTClass
 .rodata._ZTV10USARTClass
                0x0000000000083ed8       0x30 /tmp/arduino/sketches/A3471B6C8EF7C2A4C6EBC8813B352B14/core/core.a(USARTClass.cpp.o)
                0x0000000000083ed8                vtable for USARTClass
 .rodata.STRING_PRODUCT
                0x0000000000083f08        0xc /tmp/arduino/sketches/A3471B6C8EF7C2A4C6EBC8813B352B14/core/core.a(USBCore.cpp.o)
                0x0000000000083f08                STRING_PRODUCT
 .rodata.USB_DeviceDescriptor
                0x0000000000083f14       0x12 /tmp/arduino/sketches/A3471B6C8EF7C2A4C6EBC8813B352B14/core/core.a(USBCore.cpp.o)
                0x0000000000083f14                USB_DeviceDescriptor
 .rodata.STRING_LANGUAGE
                0x0000000000083f26        0x4 /tmp/arduino/sketches/A3471B6C8EF7C2A4C6EBC8813B352B14/core/core.a(USBCore.cpp.o)
                0x0000000000083f26                STRING_LANGUAGE
 .rodata._ZL18test_packet_buffer
                0x0000000000083f2a       0x35 /tmp/arduino/sketches/A3471B6C8EF7C2A4C6EBC8813B352B14/core/core.a(USBCore.cpp.o)
 .rodata.STRING_MANUFACTURER
                0x0000000000083f5f        0xc /tmp/arduino/sketches/A3471B6C8EF7C2A4C6EBC8813B352B14/core/core.a(USBCore.cpp.o)
                0x0000000000083f5f                STRING_MANUFACTURER
 .rodata.USB_DeviceDescriptorA
                0x0000000000083f6b       0x12 /tmp/arduino/sketches/A3471B6C8EF7C2A4C6EBC8813B352B14/core/core.a(USBCore.cpp.o)
                0x0000000000083f6b                USB_DeviceDescriptorA
 .rodata._ZL19USB_DeviceQualifier
                0x0000000000083f7d        0x9 /tmp/arduino/sketches/A3471B6C8EF7C2A4C6EBC8813B352B14/core/core.a(USBCore.cpp.o)
 *fill*         0x0000000000083f86        0x2 
 .rodata._ZTV7Serial_
                0x0000000000083f88       0x28 /tmp/arduino/sketches/A3471B6C8EF7C2A4C6EBC8813B352B14/core/core.a(CDC.cpp.o)
                0x0000000000083f88                vtable for Serial_
 .rodata._ZL18_cdcOtherInterface
                0x0000000000083fb0       0x42 /tmp/arduino/sketches/A3471B6C8EF7C2A4C6EBC8813B352B14/core/core.a(CDC.cpp.o)
 .rodata._ZL13_cdcInterface
                0x0000000000083ff2       0x42 /tmp/arduino/sketches/A3471B6C8EF7C2A4C6EBC8813B352B14/core/core.a(CDC.cpp.o)
 .rodata.str1.4
                0x0000000000084034        0x4 /home/miguelx413/.arduino15/packages/arduino/tools/arm-none-eabi-gcc/4.8.3-2014q1/bin/../lib/gcc/arm-none-eabi/4.8.3/../../../../arm-none-eabi/lib/armv7-m/libc.a(lib_a-impure.o)
 .rodata._global_impure_ptr
                0x0000000000084038        0x4 /home/miguelx413/.arduino15/packages/arduino/tools/arm-none-eabi-gcc/4.8.3-2014q1/bin/../lib/gcc/arm-none-eabi/4.8.3/../../../../arm-none-eabi/lib/armv7-m/libc.a(lib_a-impure.o)
                0x0000000000084038                _global_impure_ptr
 *(.ARM.extab* .gnu.linkonce.armextab.*)
                0x000000000008403c                . = ALIGN (0x4)
 *(.init)
 .init          0x000000000008403c        0x4 /home/miguelx413/.arduino15/packages/arduino/tools/arm-none-eabi-gcc/4.8.3-2014q1/bin/../lib/gcc/arm-none-eabi/4.8.3/armv7-m/crti.o
                0x000000000008403c                _init
 .init          0x0000000000084040        0x8 /home/miguelx413/.arduino15/packages/arduino/tools/arm-none-eabi-gcc/4.8.3-2014q1/bin/../lib/gcc/arm-none-eabi/4.8.3/armv7-m/crtn.o
                0x0000000000084048                . = ALIGN (0x4)
                0x0000000000084048                __preinit_array_start = .
 *(.preinit_array)
                0x0000000000084048                __preinit_array_end = .
                0x0000000000084048                . = ALIGN (0x4)
                0x0000000000084048                __init_array_start = .
 *(SORT(.init_array.*))
 .init_array.00000
                0x0000000000084048        0x4 /home/miguelx413/.arduino15/packages/arduino/tools/arm-none-eabi-gcc/4.8.3-2014q1/bin/../lib/gcc/arm-none-eabi/4.8.3/../../../../arm-none-eabi/lib/armv7-m/libc.a(lib_a-__call_atexit.o)
 *(.init_array)
 .init_array    0x000000000008404c        0x4 /home/miguelx413/.arduino15/packages/arduino/tools/arm-none-eabi-gcc/4.8.3-2014q1/bin/../lib/gcc/arm-none-eabi/4.8.3/armv7-m/crtbegin.o
 .init_array    0x0000000000084050        0x4 /tmp/arduino/sketches/A3471B6C8EF7C2A4C6EBC8813B352B14/libraries/due_can/due_can.cpp.o
 .init_array    0x0000000000084054        0x4 /tmp/arduino/sketches/A3471B6C8EF7C2A4C6EBC8813B352B14/core/variant.cpp.o
 .init_array    0x0000000000084058        0x4 /tmp/arduino/sketches/A3471B6C8EF7C2A4C6EBC8813B352B14/core/core.a(USBCore.cpp.o)
 .init_array    0x000000000008405c        0x4 /tmp/arduino/sketches/A3471B6C8EF7C2A4C6EBC8813B352B14/core/core.a(CDC.cpp.o)
                0x0000000000084060                __init_array_end = .
                0x0000000000084060                . = ALIGN (0x4)
 *crtbegin.o(.ctors)
 *(EXCLUDE_FILE(*crtend.o) .ctors)
 *(SORT(.ctors.*))
 *crtend.o(.ctors)
                0x0000000000084060                . = ALIGN (0x4)
 *(.fini)
 .fini          0x0000000000084060        0x4 /home/miguelx413/.arduino15/packages/arduino/tools/arm-none-eabi-gcc/4.8.3-2014q1/bin/../lib/gcc/arm-none-eabi/4.8.3/armv7-m/crti.o
                0x0000000000084060                _fini
 .fini          0x0000000000084064        0x8 /home/miguelx413/.arduino15/packages/arduino/tools/arm-none-eabi-gcc/4.8.3-2014q1/bin/../lib/gcc/arm-none-eabi/4.8.3/armv7-m/crtn.o
                0x000000000008406c                . = ALIGN (0x4)
                0x000000000008406c                __fini_array_start = .
 *(.fini_array)
 .fini_array    0x000000000008406c        0x4 /home/miguelx413/.arduino15/packages/arduino/tools/arm-none-eabi-gcc/4.8.3-2014q1/bin/../lib/gcc/arm-none-eabi/4.8.3/armv7-m/crtbegin.o
 *(SORT(.fini_array.*))
                0x0000000000084070                __fini_array_end = .
 *crtbegin.o(.dtors)
 *(EXCLUDE_FILE(*crtend.o) .dtors)
 *(SORT(.dtors.*))
 *crtend.o(.dtors)
                0x0000000000084070                . = ALIGN (0x4)
                0x0000000000084070                _efixed = .
                0x0000000000084070                PROVIDE (__exidx_start, .)

.vfp11_veneer   0x0000000000084070        0x0
 .vfp11_veneer  0x0000000000000000        0x0 linker stubs

.v4_bx          0x0000000000084070        0x0
 .v4_bx         0x0000000000000000        0x0 linker stubs

.iplt           0x0000000000084070        0x0
 .iplt          0x0000000000000000        0x0 /home/miguelx413/.arduino15/packages/arduino/tools/arm-none-eabi-gcc/4.8.3-2014q1/bin/../lib/gcc/arm-none-eabi/4.8.3/armv7-m/crtbegin.o

.eh_frame       0x0000000000084070        0x0
 .eh_frame      0x0000000000084070        0x0 /home/miguelx413/.arduino15/packages/arduino/tools/arm-none-eabi-gcc/4.8.3-2014q1/bin/../lib/gcc/arm-none-eabi/4.8.3/armv7-m/crtbegin.o

.rel.dyn        0x0000000000084070        0x0
 .rel.iplt      0x0000000000000000        0x0 /home/miguelx413/.arduino15/packages/arduino/tools/arm-none-eabi-gcc/4.8.3-2014q1/bin/../lib/gcc/arm-none-eabi/4.8.3/armv7-m/crtbegin.o

.jcr            0x0000000000084070        0x0
 .jcr           0x0000000000084070        0x0 /home/miguelx413/.arduino15/packages/arduino/tools/arm-none-eabi-gcc/4.8.3-2014q1/bin/../lib/gcc/arm-none-eabi/4.8.3/armv7-m/crtbegin.o

.igot.plt       0x0000000000084070        0x0
 .igot.plt      0x0000000000000000        0x0 /home/miguelx413/.arduino15/packages/arduino/tools/arm-none-eabi-gcc/4.8.3-2014q1/bin/../lib/gcc/arm-none-eabi/4.8.3/armv7-m/crtbegin.o

.ARM.exidx
 *(.ARM.exidx* .gnu.linkonce.armexidx.*)
                0x0000000000084070                PROVIDE (__exidx_end, .)
                0x0000000000084070                . = ALIGN (0x4)
                0x0000000000084070                _etext = .

.relocate       0x0000000020070000      0x8ac load address 0x0000000000084070
                0x0000000020070000                . = ALIGN (0x4)
                0x0000000020070000                _srelocate = .
 *(.ramfunc .ramfunc.*)
 .ramfunc       0x0000000020070000       0x2c /tmp/arduino/sketches/A3471B6C8EF7C2A4C6EBC8813B352B14/core/core.a(Reset.cpp.o)
                0x0000000020070000                banzai
 *(.data .data.*)
 .data.SystemCoreClock
                0x000000002007002c        0x4 /home/miguelx413/.arduino15/packages/arduino/hardware/sam/1.6.12/variants/arduino_due_x/libsam_sam3x8e_gcc_rel.a(system_sam3xa.o)
                0x000000002007002c                SystemCoreClock
 .data._ZL5ticks
                0x0000000020070030        0x4 /tmp/arduino/sketches/A3471B6C8EF7C2A4C6EBC8813B352B14/core/core.a(Reset.cpp.o)
 .data.EndPoints
                0x0000000020070034       0x28 /tmp/arduino/sketches/A3471B6C8EF7C2A4C6EBC8813B352B14/core/core.a(USBCore.cpp.o)
                0x0000000020070034                EndPoints
 .data._ZL10breakValue
                0x000000002007005c        0x4 /tmp/arduino/sketches/A3471B6C8EF7C2A4C6EBC8813B352B14/core/core.a(CDC.cpp.o)
 .data._ZL12_usbLineInfo
                0x0000000020070060        0x8 /tmp/arduino/sketches/A3471B6C8EF7C2A4C6EBC8813B352B14/core/core.a(CDC.cpp.o)
 .data.g_interrupt_enabled
                0x0000000020070068        0x4 /home/miguelx413/.arduino15/packages/arduino/hardware/sam/1.6.12/variants/arduino_due_x/libsam_sam3x8e_gcc_rel.a(interrupt_sam_nvic.o)
                0x0000000020070068                g_interrupt_enabled
 *fill*         0x000000002007006c        0x4 
 .data.impure_data
                0x0000000020070070      0x428 /home/miguelx413/.arduino15/packages/arduino/tools/arm-none-eabi-gcc/4.8.3-2014q1/bin/../lib/gcc/arm-none-eabi/4.8.3/../../../../arm-none-eabi/lib/armv7-m/libc.a(lib_a-impure.o)
 .data._impure_ptr
                0x0000000020070498        0x4 /home/miguelx413/.arduino15/packages/arduino/tools/arm-none-eabi-gcc/4.8.3-2014q1/bin/../lib/gcc/arm-none-eabi/4.8.3/../../../../arm-none-eabi/lib/armv7-m/libc.a(lib_a-impure.o)
                0x0000000020070498                _impure_ptr
 .data.__malloc_av_
                0x000000002007049c      0x408 /home/miguelx413/.arduino15/packages/arduino/tools/arm-none-eabi-gcc/4.8.3-2014q1/bin/../lib/gcc/arm-none-eabi/4.8.3/../../../../arm-none-eabi/lib/armv7-m/libc.a(lib_a-mallocr.o)
                0x000000002007049c                __malloc_av_
 .data.__malloc_trim_threshold
                0x00000000200708a4        0x4 /home/miguelx413/.arduino15/packages/arduino/tools/arm-none-eabi-gcc/4.8.3-2014q1/bin/../lib/gcc/arm-none-eabi/4.8.3/../../../../arm-none-eabi/lib/armv7-m/libc.a(lib_a-mallocr.o)
                0x00000000200708a4                __malloc_trim_threshold
 .data.__malloc_sbrk_base
                0x00000000200708a8        0x4 /home/miguelx413/.arduino15/packages/arduino/tools/arm-none-eabi-gcc/4.8.3-2014q1/bin/../lib/gcc/arm-none-eabi/4.8.3/../../../../arm-none-eabi/lib/armv7-m/libc.a(lib_a-mallocr.o)
                0x00000000200708a8                __malloc_sbrk_base
                0x00000000200708ac                . = ALIGN (0x4)
                0x00000000200708ac                _erelocate = .

.bss            0x00000000200708ac      0xd6c load address 0x000000000008491c
                0x00000000200708ac                . = ALIGN (0x4)
                0x00000000200708ac                _sbss = .
                0x00000000200708ac                _szero = .
 *(.bss .bss.*)
 .bss           0x00000000200708ac       0x1c /home/miguelx413/.arduino15/packages/arduino/tools/arm-none-eabi-gcc/4.8.3-2014q1/bin/../lib/gcc/arm-none-eabi/4.8.3/armv7-m/crtbegin.o
 .bss.num       0x00000000200708c8        0x1 /tmp/arduino/sketches/A3471B6C8EF7C2A4C6EBC8813B352B14/sketch/due_can_transmitter.ino.cpp.o
                0x00000000200708c8                num
 *fill*         0x00000000200708c9        0x3 
 .bss.Can0      0x00000000200708cc      0x19c /tmp/arduino/sketches/A3471B6C8EF7C2A4C6EBC8813B352B14/libraries/due_can/due_can.cpp.o
                0x00000000200708cc                Can0
 .bss._ZGVZN6CANRaw12set_baudrateEmE6ul_mck
                0x0000000020070a68        0x4 /tmp/arduino/sketches/A3471B6C8EF7C2A4C6EBC8813B352B14/libraries/due_can/due_can.cpp.o
 .bss._ZZN6CANRaw12set_baudrateEmE6ul_mck
                0x0000000020070a6c        0x4 /tmp/arduino/sketches/A3471B6C8EF7C2A4C6EBC8813B352B14/libraries/due_can/due_can.cpp.o
 .bss.Can1      0x0000000020070a70      0x19c /tmp/arduino/sketches/A3471B6C8EF7C2A4C6EBC8813B352B14/libraries/due_can/due_can.cpp.o
                0x0000000020070a70                Can1
 .bss.tx_buffer2
                0x0000000020070c0c       0x88 /tmp/arduino/sketches/A3471B6C8EF7C2A4C6EBC8813B352B14/core/variant.cpp.o
                0x0000000020070c0c                tx_buffer2
 .bss.tx_buffer1
                0x0000000020070c94       0x88 /tmp/arduino/sketches/A3471B6C8EF7C2A4C6EBC8813B352B14/core/variant.cpp.o
                0x0000000020070c94                tx_buffer1
 .bss.Serial    0x0000000020070d1c       0x24 /tmp/arduino/sketches/A3471B6C8EF7C2A4C6EBC8813B352B14/core/variant.cpp.o
                0x0000000020070d1c                Serial
 .bss.rx_buffer1
                0x0000000020070d40       0x88 /tmp/arduino/sketches/A3471B6C8EF7C2A4C6EBC8813B352B14/core/variant.cpp.o
                0x0000000020070d40                rx_buffer1
 .bss.Serial1   0x0000000020070dc8       0x28 /tmp/arduino/sketches/A3471B6C8EF7C2A4C6EBC8813B352B14/core/variant.cpp.o
                0x0000000020070dc8                Serial1
 .bss.Serial2   0x0000000020070df0       0x28 /tmp/arduino/sketches/A3471B6C8EF7C2A4C6EBC8813B352B14/core/variant.cpp.o
                0x0000000020070df0                Serial2
 .bss.Serial3   0x0000000020070e18       0x28 /tmp/arduino/sketches/A3471B6C8EF7C2A4C6EBC8813B352B14/core/variant.cpp.o
                0x0000000020070e18                Serial3
 .bss.tx_buffer3
                0x0000000020070e40       0x88 /tmp/arduino/sketches/A3471B6C8EF7C2A4C6EBC8813B352B14/core/variant.cpp.o
                0x0000000020070e40                tx_buffer3
 .bss.tx_buffer4
                0x0000000020070ec8       0x88 /tmp/arduino/sketches/A3471B6C8EF7C2A4C6EBC8813B352B14/core/variant.cpp.o
                0x0000000020070ec8                tx_buffer4
 .bss.g_pinStatus
                0x0000000020070f50       0x4f /tmp/arduino/sketches/A3471B6C8EF7C2A4C6EBC8813B352B14/core/variant.cpp.o
                0x0000000020070f50                g_pinStatus
 *fill*         0x0000000020070f9f        0x1 
 .bss.rx_buffer2
                0x0000000020070fa0       0x88 /tmp/arduino/sketches/A3471B6C8EF7C2A4C6EBC8813B352B14/core/variant.cpp.o
                0x0000000020070fa0                rx_buffer2
 .bss.rx_buffer3
                0x0000000020071028       0x88 /tmp/arduino/sketches/A3471B6C8EF7C2A4C6EBC8813B352B14/core/variant.cpp.o
                0x0000000020071028                rx_buffer3
 .bss.rx_buffer4
                0x00000000200710b0       0x88 /tmp/arduino/sketches/A3471B6C8EF7C2A4C6EBC8813B352B14/core/variant.cpp.o
                0x00000000200710b0                rx_buffer4
 .bss.gpf_isr   0x0000000020071138        0x4 /home/miguelx413/.arduino15/packages/arduino/hardware/sam/1.6.12/variants/arduino_due_x/libsam_sam3x8e_gcc_rel.a(uotghs.o)
                0x0000000020071138                gpf_isr
 .bss.callbacksPioA
                0x000000002007113c       0x80 /tmp/arduino/sketches/A3471B6C8EF7C2A4C6EBC8813B352B14/core/core.a(WInterrupts.c.o)
 .bss.callbacksPioB
                0x00000000200711bc       0x80 /tmp/arduino/sketches/A3471B6C8EF7C2A4C6EBC8813B352B14/core/core.a(WInterrupts.c.o)
 .bss.callbacksPioC
                0x000000002007123c       0x80 /tmp/arduino/sketches/A3471B6C8EF7C2A4C6EBC8813B352B14/core/core.a(WInterrupts.c.o)
 .bss.callbacksPioD
                0x00000000200712bc       0x80 /tmp/arduino/sketches/A3471B6C8EF7C2A4C6EBC8813B352B14/core/core.a(WInterrupts.c.o)
 .bss.heap.6420
                0x000000002007133c        0x4 /tmp/arduino/sketches/A3471B6C8EF7C2A4C6EBC8813B352B14/core/core.a(syscalls_sam3.c.o)
 .bss._cmark    0x0000000020071340        0x2 /tmp/arduino/sketches/A3471B6C8EF7C2A4C6EBC8813B352B14/core/core.a(USBCore.cpp.o)
                0x0000000020071340                _cmark
 .bss._ZL14isEndpointHalt
                0x0000000020071342        0x1 /tmp/arduino/sketches/A3471B6C8EF7C2A4C6EBC8813B352B14/core/core.a(USBCore.cpp.o)
 *fill*         0x0000000020071343        0x1 
 .bss._cdcComposite
                0x0000000020071344        0x4 /tmp/arduino/sketches/A3471B6C8EF7C2A4C6EBC8813B352B14/core/core.a(USBCore.cpp.o)
                0x0000000020071344                _cdcComposite
 .bss._ZL21isRemoteWakeUpEnabled
                0x0000000020071348        0x1 /tmp/arduino/sketches/A3471B6C8EF7C2A4C6EBC8813B352B14/core/core.a(USBCore.cpp.o)
 *fill*         0x0000000020071349        0x3 
 .bss._usbInitialized
                0x000000002007134c        0x4 /tmp/arduino/sketches/A3471B6C8EF7C2A4C6EBC8813B352B14/core/core.a(USBCore.cpp.o)
                0x000000002007134c                _usbInitialized
 .bss.USBDevice
                0x0000000020071350        0x1 /tmp/arduino/sketches/A3471B6C8EF7C2A4C6EBC8813B352B14/core/core.a(USBCore.cpp.o)
                0x0000000020071350                USBDevice
 *fill*         0x0000000020071351        0x3 
 .bss._usbSetInterface
                0x0000000020071354        0x4 /tmp/arduino/sketches/A3471B6C8EF7C2A4C6EBC8813B352B14/core/core.a(USBCore.cpp.o)
                0x0000000020071354                _usbSetInterface
 .bss._cend     0x0000000020071358        0x2 /tmp/arduino/sketches/A3471B6C8EF7C2A4C6EBC8813B352B14/core/core.a(USBCore.cpp.o)
                0x0000000020071358                _cend
 *fill*         0x000000002007135a        0x2 
 .bss._usbConfiguration
                0x000000002007135c        0x4 /tmp/arduino/sketches/A3471B6C8EF7C2A4C6EBC8813B352B14/core/core.a(USBCore.cpp.o)
                0x000000002007135c                _usbConfiguration
 .bss.cdc_rx_buffer
                0x0000000020071360      0x208 /tmp/arduino/sketches/A3471B6C8EF7C2A4C6EBC8813B352B14/core/core.a(CDC.cpp.o)
                0x0000000020071360                cdc_rx_buffer
 .bss._ZZN7Serial_6acceptEvE5guard
                0x0000000020071568        0x4 /tmp/arduino/sketches/A3471B6C8EF7C2A4C6EBC8813B352B14/core/core.a(CDC.cpp.o)
 .bss.SerialUSB
                0x000000002007156c       0x14 /tmp/arduino/sketches/A3471B6C8EF7C2A4C6EBC8813B352B14/core/core.a(CDC.cpp.o)
                0x000000002007156c                SerialUSB
 .bss._ZZ12PluggableUSBvE3obj
                0x0000000020071580        0x8 /tmp/arduino/sketches/A3471B6C8EF7C2A4C6EBC8813B352B14/core/core.a(PluggableUSB.cpp.o)
 .bss._ZGVZ12PluggableUSBvE3obj
                0x0000000020071588        0x4 /tmp/arduino/sketches/A3471B6C8EF7C2A4C6EBC8813B352B14/core/core.a(PluggableUSB.cpp.o)
 .bss._dwTickCount
                0x000000002007158c        0x4 /home/miguelx413/.arduino15/packages/arduino/hardware/sam/1.6.12/variants/arduino_due_x/libsam_sam3x8e_gcc_rel.a(timetick.o)
 .bss.ul_recv_fifo_ptr
                0x0000000020071590       0x28 /home/miguelx413/.arduino15/packages/arduino/hardware/sam/1.6.12/variants/arduino_due_x/libsam_sam3x8e_gcc_rel.a(uotghs_device.o)
 .bss.ul_send_fifo_ptr
                0x00000000200715b8       0x28 /home/miguelx413/.arduino15/packages/arduino/hardware/sam/1.6.12/variants/arduino_due_x/libsam_sam3x8e_gcc_rel.a(uotghs_device.o)
 .bss.__malloc_max_total_mem
                0x00000000200715e0        0x4 /home/miguelx413/.arduino15/packages/arduino/tools/arm-none-eabi-gcc/4.8.3-2014q1/bin/../lib/gcc/arm-none-eabi/4.8.3/../../../../arm-none-eabi/lib/armv7-m/libc.a(lib_a-mallocr.o)
                0x00000000200715e0                __malloc_max_total_mem
 .bss.__malloc_max_sbrked_mem
                0x00000000200715e4        0x4 /home/miguelx413/.arduino15/packages/arduino/tools/arm-none-eabi-gcc/4.8.3-2014q1/bin/../lib/gcc/arm-none-eabi/4.8.3/../../../../arm-none-eabi/lib/armv7-m/libc.a(lib_a-mallocr.o)
                0x00000000200715e4                __malloc_max_sbrked_mem
 .bss.__malloc_top_pad
                0x00000000200715e8        0x4 /home/miguelx413/.arduino15/packages/arduino/tools/arm-none-eabi-gcc/4.8.3-2014q1/bin/../lib/gcc/arm-none-eabi/4.8.3/../../../../arm-none-eabi/lib/armv7-m/libc.a(lib_a-mallocr.o)
                0x00000000200715e8                __malloc_top_pad
 .bss.__malloc_current_mallinfo
                0x00000000200715ec       0x28 /home/miguelx413/.arduino15/packages/arduino/tools/arm-none-eabi-gcc/4.8.3-2014q1/bin/../lib/gcc/arm-none-eabi/4.8.3/../../../../arm-none-eabi/lib/armv7-m/libc.a(lib_a-mallocr.o)
                0x00000000200715ec                __malloc_current_mallinfo
 *(COMMON)
 COMMON         0x0000000020071614        0x4 /home/miguelx413/.arduino15/packages/arduino/tools/arm-none-eabi-gcc/4.8.3-2014q1/bin/../lib/gcc/arm-none-eabi/4.8.3/../../../../arm-none-eabi/lib/armv7-m/libc.a(lib_a-reent.o)
                0x0000000020071614                errno
                0x0000000020071618                . = ALIGN (0x4)
                0x0000000020071618                _ebss = .
                0x0000000020071618                _ezero = .
                0x0000000020071618                . = ALIGN (0x4)
                0x0000000020071618                _end = .

.stack_dummy    0x0000000020071618        0x0
 *(.stack*)
                0x0000000020088000                __StackTop = (ORIGIN (ram) + 0x18000)
                0x0000000020088000                __StackLimit = (__StackTop - SIZEOF (.stack_dummy))
                0x0000000020088000                PROVIDE (_sstack, __StackLimit)
                0x0000000020088000                PROVIDE (_estack, __StackTop)
OUTPUT(/tmp/arduino/sketches/A3471B6C8EF7C2A4C6EBC8813B352B14/due_can_transmitter.ino.elf elf32-littlearm)

.ARM.attributes
                0x0000000000000000       0x29
 .ARM.attributes
                0x0000000000000000       0x1d /home/miguelx413/.arduino15/packages/arduino/tools/arm-none-eabi-gcc/4.8.3-2014q1/bin/../lib/gcc/arm-none-eabi/4.8.3/armv7-m/crti.o
 .ARM.attributes
                0x000000000000001d       0x2d /home/miguelx413/.arduino15/packages/arduino/tools/arm-none-eabi-gcc/4.8.3-2014q1/bin/../lib/gcc/arm-none-eabi/4.8.3/armv7-m/crtbegin.o
 .ARM.attributes
                0x000000000000004a       0x33 /tmp/arduino/sketches/A3471B6C8EF7C2A4C6EBC8813B352B14/sketch/due_can_transmitter.ino.cpp.o
 .ARM.attributes
                0x000000000000007d       0x33 /tmp/arduino/sketches/A3471B6C8EF7C2A4C6EBC8813B352B14/libraries/due_can/due_can.cpp.o
 .ARM.attributes
                0x00000000000000b0       0x33 /tmp/arduino/sketches/A3471B6C8EF7C2A4C6EBC8813B352B14/libraries/can_common/can_common.cpp.o
 .ARM.attributes
                0x00000000000000e3       0x33 /tmp/arduino/sketches/A3471B6C8EF7C2A4C6EBC8813B352B14/core/variant.cpp.o
 .ARM.attributes
                0x0000000000000116       0x33 /home/miguelx413/.arduino15/packages/arduino/hardware/sam/1.6.12/variants/arduino_due_x/libsam_sam3x8e_gcc_rel.a(pio.o)
 .ARM.attributes
                0x0000000000000149       0x33 /home/miguelx413/.arduino15/packages/arduino/hardware/sam/1.6.12/variants/arduino_due_x/libsam_sam3x8e_gcc_rel.a(pmc.o)
 .ARM.attributes
                0x000000000000017c       0x33 /home/miguelx413/.arduino15/packages/arduino/hardware/sam/1.6.12/variants/arduino_due_x/libsam_sam3x8e_gcc_rel.a(system_sam3xa.o)
 .ARM.attributes
                0x00000000000001af       0x33 /home/miguelx413/.arduino15/packages/arduino/hardware/sam/1.6.12/variants/arduino_due_x/libsam_sam3x8e_gcc_rel.a(startup_sam3xa.o)
 .ARM.attributes
                0x00000000000001e2       0x33 /home/miguelx413/.arduino15/packages/arduino/hardware/sam/1.6.12/variants/arduino_due_x/libsam_sam3x8e_gcc_rel.a(adc.o)
 .ARM.attributes
                0x0000000000000215       0x33 /home/miguelx413/.arduino15/packages/arduino/hardware/sam/1.6.12/variants/arduino_due_x/libsam_sam3x8e_gcc_rel.a(uotghs.o)
 .ARM.attributes
                0x0000000000000248       0x33 /tmp/arduino/sketches/A3471B6C8EF7C2A4C6EBC8813B352B14/core/core.a(Print.cpp.o)
 .ARM.attributes
                0x000000000000027b       0x33 /tmp/arduino/sketches/A3471B6C8EF7C2A4C6EBC8813B352B14/core/core.a(RingBuffer.cpp.o)
 .ARM.attributes
                0x00000000000002ae       0x33 /tmp/arduino/sketches/A3471B6C8EF7C2A4C6EBC8813B352B14/core/core.a(UARTClass.cpp.o)
 .ARM.attributes
                0x00000000000002e1       0x33 /tmp/arduino/sketches/A3471B6C8EF7C2A4C6EBC8813B352B14/core/core.a(USARTClass.cpp.o)
 .ARM.attributes
                0x0000000000000314       0x33 /tmp/arduino/sketches/A3471B6C8EF7C2A4C6EBC8813B352B14/core/core.a(WInterrupts.c.o)
 .ARM.attributes
                0x0000000000000347       0x33 /tmp/arduino/sketches/A3471B6C8EF7C2A4C6EBC8813B352B14/core/core.a(abi.cpp.o)
 .ARM.attributes
                0x000000000000037a       0x33 /tmp/arduino/sketches/A3471B6C8EF7C2A4C6EBC8813B352B14/core/core.a(cortex_handlers.c.o)
 .ARM.attributes
                0x00000000000003ad       0x33 /tmp/arduino/sketches/A3471B6C8EF7C2A4C6EBC8813B352B14/core/core.a(hooks.c.o)
 .ARM.attributes
                0x00000000000003e0       0x33 /tmp/arduino/sketches/A3471B6C8EF7C2A4C6EBC8813B352B14/core/core.a(main.cpp.o)
 .ARM.attributes
                0x0000000000000413       0x33 /tmp/arduino/sketches/A3471B6C8EF7C2A4C6EBC8813B352B14/core/core.a(new.cpp.o)
 .ARM.attributes
                0x0000000000000446       0x33 /tmp/arduino/sketches/A3471B6C8EF7C2A4C6EBC8813B352B14/core/core.a(syscalls_sam3.c.o)
 .ARM.attributes
                0x0000000000000479       0x33 /tmp/arduino/sketches/A3471B6C8EF7C2A4C6EBC8813B352B14/core/core.a(watchdog.cpp.o)
 .ARM.attributes
                0x00000000000004ac       0x33 /tmp/arduino/sketches/A3471B6C8EF7C2A4C6EBC8813B352B14/core/core.a(wiring.c.o)
 .ARM.attributes
                0x00000000000004df       0x33 /tmp/arduino/sketches/A3471B6C8EF7C2A4C6EBC8813B352B14/core/core.a(wiring_analog.c.o)
 .ARM.attributes
                0x0000000000000512       0x33 /tmp/arduino/sketches/A3471B6C8EF7C2A4C6EBC8813B352B14/core/core.a(wiring_digital.c.o)
 .ARM.attributes
                0x0000000000000545       0x33 /tmp/arduino/sketches/A3471B6C8EF7C2A4C6EBC8813B352B14/core/core.a(Reset.cpp.o)
 .ARM.attributes
                0x0000000000000578       0x33 /tmp/arduino/sketches/A3471B6C8EF7C2A4C6EBC8813B352B14/core/core.a(USBCore.cpp.o)
 .ARM.attributes
                0x00000000000005ab       0x33 /tmp/arduino/sketches/A3471B6C8EF7C2A4C6EBC8813B352B14/core/core.a(CDC.cpp.o)
 .ARM.attributes
                0x00000000000005de       0x33 /tmp/arduino/sketches/A3471B6C8EF7C2A4C6EBC8813B352B14/core/core.a(PluggableUSB.cpp.o)
 .ARM.attributes
                0x0000000000000611       0x33 /home/miguelx413/.arduino15/packages/arduino/hardware/sam/1.6.12/variants/arduino_due_x/libsam_sam3x8e_gcc_rel.a(timetick.o)
 .ARM.attributes
                0x0000000000000644       0x33 /home/miguelx413/.arduino15/packages/arduino/hardware/sam/1.6.12/variants/arduino_due_x/libsam_sam3x8e_gcc_rel.a(wdt.o)
 .ARM.attributes
                0x0000000000000677       0x33 /home/miguelx413/.arduino15/packages/arduino/hardware/sam/1.6.12/variants/arduino_due_x/libsam_sam3x8e_gcc_rel.a(interrupt_sam_nvic.o)
 .ARM.attributes
                0x00000000000006aa       0x33 /home/miguelx413/.arduino15/packages/arduino/hardware/sam/1.6.12/variants/arduino_due_x/libsam_sam3x8e_gcc_rel.a(uotghs_device.o)
 .ARM.attributes
                0x00000000000006dd       0x1d /home/miguelx413/.arduino15/packages/arduino/tools/arm-none-eabi-gcc/4.8.3-2014q1/bin/../lib/gcc/arm-none-eabi/4.8.3/armv7-m/libgcc.a(_lshrdi3.o)
 .ARM.attributes
                0x00000000000006fa       0x2d /home/miguelx413/.arduino15/packages/arduino/tools/arm-none-eabi-gcc/4.8.3-2014q1/bin/../lib/gcc/arm-none-eabi/4.8.3/../../../../arm-none-eabi/lib/armv7-m/libc.a(lib_a-impure.o)
 .ARM.attributes
                0x0000000000000727       0x2d /home/miguelx413/.arduino15/packages/arduino/tools/arm-none-eabi-gcc/4.8.3-2014q1/bin/../lib/gcc/arm-none-eabi/4.8.3/../../../../arm-none-eabi/lib/armv7-m/libc.a(lib_a-init.o)
 .ARM.attributes
                0x0000000000000754       0x2d /home/miguelx413/.arduino15/packages/arduino/tools/arm-none-eabi-gcc/4.8.3-2014q1/bin/../lib/gcc/arm-none-eabi/4.8.3/../../../../arm-none-eabi/lib/armv7-m/libc.a(lib_a-malloc.o)
 .ARM.attributes
                0x0000000000000781       0x2d /home/miguelx413/.arduino15/packages/arduino/tools/arm-none-eabi-gcc/4.8.3-2014q1/bin/../lib/gcc/arm-none-eabi/4.8.3/../../../../arm-none-eabi/lib/armv7-m/libc.a(lib_a-mallocr.o)
 .ARM.attributes
                0x00000000000007ae       0x2d /home/miguelx413/.arduino15/packages/arduino/tools/arm-none-eabi-gcc/4.8.3-2014q1/bin/../lib/gcc/arm-none-eabi/4.8.3/../../../../arm-none-eabi/lib/armv7-m/libc.a(lib_a-memset.o)
 .ARM.attributes
                0x00000000000007db       0x2d /home/miguelx413/.arduino15/packages/arduino/tools/arm-none-eabi-gcc/4.8.3-2014q1/bin/../lib/gcc/arm-none-eabi/4.8.3/../../../../arm-none-eabi/lib/armv7-m/libc.a(lib_a-mlock.o)
 .ARM.attributes
                0x0000000000000808       0x2d /home/miguelx413/.arduino15/packages/arduino/tools/arm-none-eabi-gcc/4.8.3-2014q1/bin/../lib/gcc/arm-none-eabi/4.8.3/../../../../arm-none-eabi/lib/armv7-m/libc.a(lib_a-sbrkr.o)
 .ARM.attributes
                0x0000000000000835       0x2d /home/miguelx413/.arduino15/packages/arduino/tools/arm-none-eabi-gcc/4.8.3-2014q1/bin/../lib/gcc/arm-none-eabi/4.8.3/../../../../arm-none-eabi/lib/armv7-m/libc.a(lib_a-strlen.o)
 .ARM.attributes
                0x0000000000000862       0x2d /home/miguelx413/.arduino15/packages/arduino/tools/arm-none-eabi-gcc/4.8.3-2014q1/bin/../lib/gcc/arm-none-eabi/4.8.3/../../../../arm-none-eabi/lib/armv7-m/libc.a(lib_a-syskill.o)
 .ARM.attributes
                0x000000000000088f       0x2d /home/miguelx413/.arduino15/packages/arduino/tools/arm-none-eabi-gcc/4.8.3-2014q1/bin/../lib/gcc/arm-none-eabi/4.8.3/../../../../arm-none-eabi/lib/armv7-m/libc.a(lib_a-__call_atexit.o)
 .ARM.attributes
                0x00000000000008bc       0x2d /home/miguelx413/.arduino15/packages/arduino/tools/arm-none-eabi-gcc/4.8.3-2014q1/bin/../lib/gcc/arm-none-eabi/4.8.3/../../../../arm-none-eabi/lib/armv7-m/libc.a(lib_a-atexit.o)
 .ARM.attributes
                0x00000000000008e9       0x2d /home/miguelx413/.arduino15/packages/arduino/tools/arm-none-eabi-gcc/4.8.3-2014q1/bin/../lib/gcc/arm-none-eabi/4.8.3/../../../../arm-none-eabi/lib/armv7-m/libc.a(lib_a-fini.o)
 .ARM.attributes
                0x0000000000000916       0x2d /home/miguelx413/.arduino15/packages/arduino/tools/arm-none-eabi-gcc/4.8.3-2014q1/bin/../lib/gcc/arm-none-eabi/4.8.3/../../../../arm-none-eabi/lib/armv7-m/libc.a(lib_a-freer.o)
 .ARM.attributes
                0x0000000000000943       0x2d /home/miguelx413/.arduino15/packages/arduino/tools/arm-none-eabi-gcc/4.8.3-2014q1/bin/../lib/gcc/arm-none-eabi/4.8.3/../../../../arm-none-eabi/lib/armv7-m/libc.a(lib_a-reent.o)
 .ARM.attributes
                0x0000000000000970       0x2d /home/miguelx413/.arduino15/packages/arduino/tools/arm-none-eabi-gcc/4.8.3-2014q1/bin/../lib/gcc/arm-none-eabi/4.8.3/../../../../arm-none-eabi/lib/armv7-m/libc.a(lib_a-signalr.o)
 .ARM.attributes
                0x000000000000099d       0x2d /home/miguelx413/.arduino15/packages/arduino/tools/arm-none-eabi-gcc/4.8.3-2014q1/bin/../lib/gcc/arm-none-eabi/4.8.3/../../../../arm-none-eabi/lib/armv7-m/libc.a(lib_a-__atexit.o)
 .ARM.attributes
                0x00000000000009ca       0x1d /home/miguelx413/.arduino15/packages/arduino/tools/arm-none-eabi-gcc/4.8.3-2014q1/bin/../lib/gcc/arm-none-eabi/4.8.3/armv7-m/crtn.o

.comment        0x0000000000000000       0xf0
 .comment       0x0000000000000000       0x80 /tmp/arduino/sketches/A3471B6C8EF7C2A4C6EBC8813B352B14/sketch/due_can_transmitter.ino.cpp.o
                                         0x81 (size before relaxing)
 .comment       0x0000000000000000       0x81 /tmp/arduino/sketches/A3471B6C8EF7C2A4C6EBC8813B352B14/libraries/due_can/due_can.cpp.o
 .comment       0x0000000000000000       0x81 /tmp/arduino/sketches/A3471B6C8EF7C2A4C6EBC8813B352B14/libraries/can_common/can_common.cpp.o
 .comment       0x0000000000000000       0x81 /tmp/arduino/sketches/A3471B6C8EF7C2A4C6EBC8813B352B14/core/variant.cpp.o
 .comment       0x0000000000000080       0x70 /home/miguelx413/.arduino15/packages/arduino/hardware/sam/1.6.12/variants/arduino_due_x/libsam_sam3x8e_gcc_rel.a(pio.o)
                                         0x71 (size before relaxing)
 .comment       0x0000000000000000       0x71 /home/miguelx413/.arduino15/packages/arduino/hardware/sam/1.6.12/variants/arduino_due_x/libsam_sam3x8e_gcc_rel.a(pmc.o)
 .comment       0x0000000000000000       0x71 /home/miguelx413/.arduino15/packages/arduino/hardware/sam/1.6.12/variants/arduino_due_x/libsam_sam3x8e_gcc_rel.a(system_sam3xa.o)
 .comment       0x0000000000000000       0x71 /home/miguelx413/.arduino15/packages/arduino/hardware/sam/1.6.12/variants/arduino_due_x/libsam_sam3x8e_gcc_rel.a(startup_sam3xa.o)
 .comment       0x0000000000000000       0x71 /home/miguelx413/.arduino15/packages/arduino/hardware/sam/1.6.12/variants/arduino_due_x/libsam_sam3x8e_gcc_rel.a(adc.o)
 .comment       0x0000000000000000       0x71 /home/miguelx413/.arduino15/packages/arduino/hardware/sam/1.6.12/variants/arduino_due_x/libsam_sam3x8e_gcc_rel.a(uotghs.o)
 .comment       0x0000000000000000       0x81 /tmp/arduino/sketches/A3471B6C8EF7C2A4C6EBC8813B352B14/core/core.a(Print.cpp.o)
 .comment       0x0000000000000000       0x81 /tmp/arduino/sketches/A3471B6C8EF7C2A4C6EBC8813B352B14/core/core.a(RingBuffer.cpp.o)
 .comment       0x0000000000000000       0x81 /tmp/arduino/sketches/A3471B6C8EF7C2A4C6EBC8813B352B14/core/core.a(UARTClass.cpp.o)
 .comment       0x0000000000000000       0x81 /tmp/arduino/sketches/A3471B6C8EF7C2A4C6EBC8813B352B14/core/core.a(USARTClass.cpp.o)
 .comment       0x0000000000000000       0x81 /tmp/arduino/sketches/A3471B6C8EF7C2A4C6EBC8813B352B14/core/core.a(WInterrupts.c.o)
 .comment       0x0000000000000000       0x81 /tmp/arduino/sketches/A3471B6C8EF7C2A4C6EBC8813B352B14/core/core.a(abi.cpp.o)
 .comment       0x0000000000000000       0x81 /tmp/arduino/sketches/A3471B6C8EF7C2A4C6EBC8813B352B14/core/core.a(cortex_handlers.c.o)
 .comment       0x0000000000000000       0x81 /tmp/arduino/sketches/A3471B6C8EF7C2A4C6EBC8813B352B14/core/core.a(hooks.c.o)
 .comment       0x0000000000000000       0x81 /tmp/arduino/sketches/A3471B6C8EF7C2A4C6EBC8813B352B14/core/core.a(main.cpp.o)
 .comment       0x0000000000000000       0x81 /tmp/arduino/sketches/A3471B6C8EF7C2A4C6EBC8813B352B14/core/core.a(new.cpp.o)
 .comment       0x0000000000000000       0x81 /tmp/arduino/sketches/A3471B6C8EF7C2A4C6EBC8813B352B14/core/core.a(syscalls_sam3.c.o)
 .comment       0x0000000000000000       0x81 /tmp/arduino/sketches/A3471B6C8EF7C2A4C6EBC8813B352B14/core/core.a(watchdog.cpp.o)
 .comment       0x0000000000000000       0x81 /tmp/arduino/sketches/A3471B6C8EF7C2A4C6EBC8813B352B14/core/core.a(wiring.c.o)
 .comment       0x0000000000000000       0x81 /tmp/arduino/sketches/A3471B6C8EF7C2A4C6EBC8813B352B14/core/core.a(wiring_analog.c.o)